0 verbose cli C:\Program Files\nodejs\node.exe C:\Users\andre\AppData\Roaming\npm\node_modules\npm\bin\npm-cli.js
1 info using npm@10.2.5
2 info using node@v24.14.1
3 timing npm:load:whichnode Completed in 1ms
4 timing config:load:defaults Completed in 2ms
5 timing config:load:file:C:\Users\andre\AppData\Roaming\npm\node_modules\npm\npmrc Completed in 2ms
6 timing config:load:builtin Completed in 2ms
7 timing config:load:cli Completed in 2ms
8 timing config:load:env Completed in 0ms
9 timing config:load:file:D:\dev\tcg-watcher-worktree\.npmrc Completed in 0ms
10 timing config:load:project Completed in 1ms
11 timing config:load:file:C:\Users\andre\.npmrc Completed in 1ms
12 timing config:load:user Completed in 1ms
13 timing config:load:file:C:\Users\andre\AppData\Roaming\npm\etc\npmrc Completed in 0ms
14 timing config:load:global Completed in 0ms
15 timing config:load:setEnvs Completed in 0ms
16 timing config:load Completed in 8ms
17 timing npm:load:configload Completed in 8ms
18 timing config:load:flatten Completed in 1ms
19 timing npm:load:mkdirpcache Completed in 0ms
20 timing npm:load:mkdirplogs Completed in 1ms
21 verbose title npm exec @modelcontextprotocol/server-filesystem --help
22 verbose argv "exec" "--yes" "--" "@modelcontextprotocol/server-filesystem" "--help"
23 timing npm:load:setTitle Completed in 0ms
24 timing npm:load:display Completed in 1ms
25 verbose logfile logs-max:10 dir:D:\dev\tcg-watcher-worktree\.npm-cache\_logs\2026-04-07T21_31_59_619Z-
26 verbose logfile D:\dev\tcg-watcher-worktree\.npm-cache\_logs\2026-04-07T21_31_59_619Z-debug-0.log
27 timing npm:load:logFile Completed in 5ms
28 timing npm:load:timers Completed in 0ms
29 timing npm:load:configScope Completed in 0ms
30 timing npm:load Completed in 26ms
31 silly logfile done cleaning log files
32 timing arborist:ctor Completed in 1ms
33 http fetch GET 200 https://registry.npmjs.org/@modelcontextprotocol%2fserver-filesystem 176ms (cache miss)
34 timing arborist:ctor Completed in 0ms
35 timing arborist:ctor Completed in 1ms
36 timing arborist:ctor Completed in 0ms
37 timing idealTree:init Completed in 3ms
38 timing idealTree:userRequests Completed in 0ms
39 silly idealTree buildDeps
40 silly fetch manifest @modelcontextprotocol/server-filesystem@2026.1.14
41 http fetch GET 200 https://registry.npmjs.org/@modelcontextprotocol%2fserver-filesystem 5ms (cache hit)
42 silly placeDep ROOT @modelcontextprotocol/server-filesystem@2026.1.14 OK for:  want: 2026.1.14
43 silly fetch manifest diff@^5.1.0
44 silly fetch manifest glob@^10.5.0
45 silly fetch manifest minimatch@^10.0.1
46 silly fetch manifest zod-to-json-schema@^3.23.5
47 silly fetch manifest @modelcontextprotocol/sdk@^1.25.2
48 http fetch GET 200 https://registry.npmjs.org/diff 62ms (cache miss)
49 http fetch GET 200 https://registry.npmjs.org/glob 113ms (cache miss)
50 http fetch GET 200 https://registry.npmjs.org/zod-to-json-schema 115ms (cache miss)
51 http fetch GET 200 https://registry.npmjs.org/minimatch 120ms (cache miss)
52 http fetch GET 200 https://registry.npmjs.org/@modelcontextprotocol%2fsdk 129ms (cache miss)
53 timing idealTree:#root Completed in 140ms
54 silly fetch manifest zod@^3.25.28 || ^4
55 http fetch GET 200 https://registry.npmjs.org/zod 100ms (cache miss)
56 silly fetch manifest @cfworker/json-schema@^4.1.1
57 http fetch GET 200 https://registry.npmjs.org/@cfworker%2fjson-schema 80ms (cache miss)
58 silly placeDep ROOT @modelcontextprotocol/sdk@1.29.0 OK for: @modelcontextprotocol/server-filesystem@2026.1.14 want: ^1.25.2
59 silly fetch manifest @hono/node-server@^1.19.9
60 silly fetch manifest ajv@^8.17.1
61 silly fetch manifest ajv-formats@^3.0.1
62 silly fetch manifest content-type@^1.0.5
63 silly fetch manifest cors@^2.8.5
64 silly fetch manifest cross-spawn@^7.0.5
65 silly fetch manifest eventsource@^3.0.2
66 silly fetch manifest eventsource-parser@^3.0.0
67 silly fetch manifest express@^5.2.1
68 silly fetch manifest express-rate-limit@^8.2.1
69 silly fetch manifest hono@^4.11.4
70 silly fetch manifest jose@^6.1.3
71 silly fetch manifest json-schema-typed@^8.0.2
72 silly fetch manifest pkce-challenge@^5.0.0
73 silly fetch manifest raw-body@^3.0.0
74 silly fetch manifest zod@^3.25 || ^4.0
75 silly fetch manifest zod-to-json-schema@^3.25.1
76 silly placeDep ROOT diff@5.2.2 OK for: @modelcontextprotocol/server-filesystem@2026.1.14 want: ^5.1.0
77 silly placeDep ROOT glob@10.5.0 OK for: @modelcontextprotocol/server-filesystem@2026.1.14 want: ^10.5.0
78 silly fetch manifest minipass@^7.1.2
79 silly fetch manifest jackspeak@^3.1.2
80 silly fetch manifest minimatch@^9.0.4
81 silly fetch manifest path-scurry@^1.11.1
82 silly fetch manifest foreground-child@^3.1.0
83 silly fetch manifest package-json-from-dist@^1.0.0
84 silly placeDep ROOT minimatch@10.2.5 OK for: @modelcontextprotocol/server-filesystem@2026.1.14 want: ^10.0.1
85 silly fetch manifest brace-expansion@^5.0.5
86 silly placeDep ROOT zod-to-json-schema@3.25.2 OK for: @modelcontextprotocol/server-filesystem@2026.1.14 want: ^3.23.5
87 silly placeDep ROOT zod@4.3.6 OK for: zod-to-json-schema@3.25.2 want: ^3.25.28 || ^4
88 http fetch GET 200 https://registry.npmjs.org/cross-spawn 45ms (cache hit)
89 http fetch GET 200 https://registry.npmjs.org/cors 61ms (cache miss)
90 http fetch GET 200 https://registry.npmjs.org/eventsource-parser 103ms (cache miss)
91 http fetch GET 200 https://registry.npmjs.org/content-type 105ms (cache miss)
92 http fetch GET 200 https://registry.npmjs.org/eventsource 105ms (cache miss)
93 http fetch GET 200 https://registry.npmjs.org/@hono%2fnode-server 108ms (cache miss)
94 http fetch GET 200 https://registry.npmjs.org/express 127ms (cache miss)
95 http fetch GET 200 https://registry.npmjs.org/json-schema-typed 132ms (cache miss)
96 http fetch GET 200 https://registry.npmjs.org/foreground-child 139ms (cache miss)
97 http fetch GET 200 https://registry.npmjs.org/minipass 156ms (cache miss)
98 http fetch GET 200 https://registry.npmjs.org/path-scurry 160ms (cache miss)
99 http fetch GET 200 https://registry.npmjs.org/brace-expansion 159ms (cache miss)
100 http fetch GET 200 https://registry.npmjs.org/raw-body 164ms (cache miss)
101 http fetch GET 200 https://registry.npmjs.org/ajv-formats 173ms (cache revalidated)
102 http fetch GET 200 https://registry.npmjs.org/ajv 175ms (cache revalidated)
103 http fetch GET 200 https://registry.npmjs.org/package-json-from-dist 175ms (cache miss)
104 http fetch GET 200 https://registry.npmjs.org/pkce-challenge 183ms (cache miss)
105 http fetch GET 200 https://registry.npmjs.org/jackspeak 184ms (cache miss)
106 http fetch GET 200 https://registry.npmjs.org/hono 190ms (cache miss)
107 http fetch GET 200 https://registry.npmjs.org/jose 221ms (cache miss)
108 http fetch GET 200 https://registry.npmjs.org/express-rate-limit 2999ms (cache miss)
109 timing idealTree:node_modules/@modelcontextprotocol/server-filesystem Completed in 3191ms
110 silly placeDep ROOT @hono/node-server@1.19.13 OK for: @modelcontextprotocol/sdk@1.29.0 want: ^1.19.9
111 silly placeDep ROOT hono@4.12.12 OK for: @hono/node-server@1.19.13 want: ^4
112 silly placeDep ROOT ajv@8.18.0 OK for: @modelcontextprotocol/sdk@1.29.0 want: ^8.17.1
113 silly fetch manifest fast-uri@^3.0.1
114 silly fetch manifest fast-deep-equal@^3.1.3
115 silly fetch manifest require-from-string@^2.0.2
116 silly fetch manifest json-schema-traverse@^1.0.0
117 silly placeDep ROOT ajv-formats@3.0.1 OK for: @modelcontextprotocol/sdk@1.29.0 want: ^3.0.1
118 silly placeDep ROOT content-type@1.0.5 OK for: @modelcontextprotocol/sdk@1.29.0 want: ^1.0.5
119 silly placeDep ROOT cors@2.8.6 OK for: @modelcontextprotocol/sdk@1.29.0 want: ^2.8.5
120 silly fetch manifest object-assign@^4
121 silly fetch manifest vary@^1
122 silly placeDep ROOT cross-spawn@7.0.6 OK for: @modelcontextprotocol/sdk@1.29.0 want: ^7.0.5
123 silly fetch manifest which@^2.0.1
124 silly fetch manifest path-key@^3.1.0
125 silly fetch manifest shebang-command@^2.0.0
126 silly placeDep ROOT eventsource@3.0.7 OK for: @modelcontextprotocol/sdk@1.29.0 want: ^3.0.2
127 silly fetch manifest eventsource-parser@^3.0.1
128 silly placeDep ROOT eventsource-parser@3.0.6 OK for: @modelcontextprotocol/sdk@1.29.0 want: ^3.0.0
129 silly placeDep ROOT express@5.2.1 OK for: @modelcontextprotocol/sdk@1.29.0 want: ^5.2.1
130 silly fetch manifest qs@^6.14.0
131 silly fetch manifest depd@^2.0.0
132 silly fetch manifest etag@^1.8.1
133 silly fetch manifest once@^1.4.0
134 silly fetch manifest send@^1.1.0
135 silly fetch manifest vary@^1.1.2
136 silly fetch manifest debug@^4.4.0
137 silly fetch manifest fresh@^2.0.0
138 silly fetch manifest cookie@^0.7.1
139 silly fetch manifest router@^2.2.0
140 silly fetch manifest accepts@^2.0.0
141 silly fetch manifest type-is@^2.0.1
142 silly fetch manifest parseurl@^1.3.3
143 silly fetch manifest statuses@^2.0.1
144 silly fetch manifest encodeurl@^2.0.0
145 silly fetch manifest mime-types@^3.0.0
146 silly fetch manifest proxy-addr@^2.0.7
147 silly fetch manifest body-parser@^2.2.1
148 silly fetch manifest escape-html@^1.0.3
149 silly fetch manifest http-errors@^2.0.0
150 silly fetch manifest on-finished@^2.4.1
151 silly fetch manifest finalhandler@^2.1.0
152 silly fetch manifest range-parser@^1.2.1
153 silly fetch manifest serve-static@^2.2.0
154 silly fetch manifest cookie-signature@^1.2.1
155 silly fetch manifest merge-descriptors@^2.0.0
156 silly fetch manifest content-disposition@^1.0.0
157 silly placeDep ROOT express-rate-limit@8.3.2 OK for: @modelcontextprotocol/sdk@1.29.0 want: ^8.2.1
158 silly fetch manifest ip-address@10.1.0
159 silly placeDep ROOT jose@6.2.2 OK for: @modelcontextprotocol/sdk@1.29.0 want: ^6.1.3
160 silly placeDep ROOT json-schema-typed@8.0.2 OK for: @modelcontextprotocol/sdk@1.29.0 want: ^8.0.2
161 silly placeDep ROOT pkce-challenge@5.0.1 OK for: @modelcontextprotocol/sdk@1.29.0 want: ^5.0.0
162 silly placeDep ROOT raw-body@3.0.2 OK for: @modelcontextprotocol/sdk@1.29.0 want: ^3.0.0
163 silly fetch manifest bytes@~3.1.2
164 silly fetch manifest unpipe@~1.0.0
165 silly fetch manifest iconv-lite@~0.7.0
166 silly fetch manifest http-errors@~2.0.1
167 http fetch GET 200 https://registry.npmjs.org/path-key 26ms (cache hit)
168 http fetch GET 200 https://registry.npmjs.org/once 24ms (cache hit)
169 http fetch GET 200 https://registry.npmjs.org/shebang-command 27ms (cache hit)
170 http fetch GET 200 https://registry.npmjs.org/which 27ms (cache hit)
171 http fetch GET 200 https://registry.npmjs.org/etag 57ms (cache miss)
172 http fetch GET 200 https://registry.npmjs.org/statuses 56ms (cache miss)
173 http fetch GET 200 https://registry.npmjs.org/vary 65ms (cache miss)
174 http fetch GET 200 https://registry.npmjs.org/type-is 66ms (cache miss)
175 http fetch GET 200 https://registry.npmjs.org/object-assign 71ms (cache miss)
176 http fetch GET 200 https://registry.npmjs.org/depd 69ms (cache miss)
177 http fetch GET 200 https://registry.npmjs.org/cookie 69ms (cache miss)
178 http fetch GET 200 https://registry.npmjs.org/fresh 71ms (cache miss)
179 http fetch GET 200 https://registry.npmjs.org/router 70ms (cache miss)
180 http fetch GET 200 https://registry.npmjs.org/send 72ms (cache miss)
181 http fetch GET 200 https://registry.npmjs.org/accepts 71ms (cache miss)
182 http fetch GET 200 https://registry.npmjs.org/qs 74ms (cache miss)
183 http fetch GET 200 https://registry.npmjs.org/debug 76ms (cache miss)
184 http fetch GET 200 https://registry.npmjs.org/vary 78ms (cache miss)
185 http fetch GET 200 https://registry.npmjs.org/mime-types 85ms (cache miss)
186 http fetch GET 200 https://registry.npmjs.org/body-parser 93ms (cache miss)
187 http fetch GET 200 https://registry.npmjs.org/proxy-addr 95ms (cache miss)
188 http fetch GET 200 https://registry.npmjs.org/escape-html 110ms (cache miss)
189 http fetch GET 200 https://registry.npmjs.org/cookie-signature 111ms (cache miss)
190 http fetch GET 200 https://registry.npmjs.org/serve-static 111ms (cache miss)
191 http fetch GET 200 https://registry.npmjs.org/parseurl 113ms (cache miss)
192 http fetch GET 200 https://registry.npmjs.org/encodeurl 113ms (cache miss)
193 http fetch GET 200 https://registry.npmjs.org/on-finished 112ms (cache miss)
194 http fetch GET 200 https://registry.npmjs.org/finalhandler 113ms (cache miss)
195 http fetch GET 200 https://registry.npmjs.org/content-disposition 113ms (cache miss)
196 http fetch GET 200 https://registry.npmjs.org/bytes 115ms (cache miss)
197 http fetch GET 200 https://registry.npmjs.org/iconv-lite 119ms (cache miss)
198 http fetch GET 200 https://registry.npmjs.org/merge-descriptors 122ms (cache miss)
199 http fetch GET 200 https://registry.npmjs.org/http-errors 125ms (cache miss)
200 http fetch GET 200 https://registry.npmjs.org/ip-address 140ms (cache miss)
201 http fetch GET 200 https://registry.npmjs.org/json-schema-traverse 151ms (cache revalidated)
202 http fetch GET 200 https://registry.npmjs.org/range-parser 150ms (cache miss)
203 http fetch GET 200 https://registry.npmjs.org/fast-uri 160ms (cache revalidated)
204 http fetch GET 200 https://registry.npmjs.org/unpipe 152ms (cache miss)
205 http fetch GET 200 https://registry.npmjs.org/require-from-string 166ms (cache revalidated)
206 http fetch GET 200 https://registry.npmjs.org/fast-deep-equal 177ms (cache revalidated)
207 http fetch GET 200 https://registry.npmjs.org/http-errors 188ms (cache miss)
208 timing idealTree:node_modules/@modelcontextprotocol/sdk Completed in 206ms
209 timing idealTree:node_modules/@hono/node-server Completed in 0ms
210 silly placeDep ROOT fast-deep-equal@3.1.3 OK for: ajv@8.18.0 want: ^3.1.3
211 silly placeDep ROOT fast-uri@3.1.0 OK for: ajv@8.18.0 want: ^3.0.1
212 silly placeDep ROOT json-schema-traverse@1.0.0 OK for: ajv@8.18.0 want: ^1.0.0
213 silly placeDep ROOT require-from-string@2.0.2 OK for: ajv@8.18.0 want: ^2.0.2
214 timing idealTree:node_modules/ajv Completed in 3ms
215 timing idealTree:node_modules/ajv-formats Completed in 0ms
216 timing idealTree:node_modules/content-type Completed in 0ms
217 silly placeDep ROOT object-assign@4.1.1 OK for: cors@2.8.6 want: ^4
218 silly placeDep ROOT vary@1.1.2 OK for: cors@2.8.6 want: ^1
219 timing idealTree:node_modules/cors Completed in 1ms
220 silly placeDep ROOT path-key@3.1.1 OK for: cross-spawn@7.0.6 want: ^3.1.0
221 silly placeDep ROOT shebang-command@2.0.0 OK for: cross-spawn@7.0.6 want: ^2.0.0
222 silly fetch manifest shebang-regex@^3.0.0
223 silly placeDep ROOT which@2.0.2 OK for: cross-spawn@7.0.6 want: ^2.0.1
224 silly fetch manifest isexe@^2.0.0
225 http fetch GET 200 https://registry.npmjs.org/shebang-regex 5ms (cache hit)
226 http fetch GET 200 https://registry.npmjs.org/isexe 5ms (cache hit)
227 timing idealTree:node_modules/cross-spawn Completed in 7ms
228 timing idealTree:node_modules/diff Completed in 0ms
229 timing idealTree:node_modules/eventsource Completed in 0ms
230 timing idealTree:node_modules/eventsource-parser Completed in 0ms
231 silly placeDep ROOT accepts@2.0.0 OK for: express@5.2.1 want: ^2.0.0
232 silly fetch manifest negotiator@^1.0.0
233 silly placeDep ROOT body-parser@2.2.2 OK for: express@5.2.1 want: ^2.2.1
234 silly fetch manifest bytes@^3.1.2
235 silly fetch manifest debug@^4.4.3
236 silly fetch manifest iconv-lite@^0.7.0
237 silly fetch manifest qs@^6.14.1
238 silly placeDep ROOT content-disposition@1.1.0 OK for: express@5.2.1 want: ^1.0.0
239 silly placeDep ROOT cookie@0.7.2 OK for: express@5.2.1 want: ^0.7.1
240 silly placeDep ROOT cookie-signature@1.2.2 OK for: express@5.2.1 want: ^1.2.1
241 silly placeDep ROOT debug@4.4.3 OK for: express@5.2.1 want: ^4.4.0
242 silly fetch manifest ms@^2.1.3
243 silly placeDep ROOT depd@2.0.0 OK for: express@5.2.1 want: ^2.0.0
244 silly placeDep ROOT encodeurl@2.0.0 OK for: express@5.2.1 want: ^2.0.0
245 silly placeDep ROOT escape-html@1.0.3 OK for: express@5.2.1 want: ^1.0.3
246 silly placeDep ROOT etag@1.8.1 OK for: express@5.2.1 want: ^1.8.1
247 silly placeDep ROOT finalhandler@2.1.1 OK for: express@5.2.1 want: ^2.1.0
248 silly placeDep ROOT fresh@2.0.0 OK for: express@5.2.1 want: ^2.0.0
249 silly placeDep ROOT http-errors@2.0.1 OK for: express@5.2.1 want: ^2.0.0
250 silly fetch manifest inherits@~2.0.4
251 silly fetch manifest setprototypeof@~1.2.0
252 silly fetch manifest statuses@~2.0.2
253 silly fetch manifest toidentifier@~1.0.1
254 silly placeDep ROOT merge-descriptors@2.0.0 OK for: express@5.2.1 want: ^2.0.0
255 silly placeDep ROOT mime-types@3.0.2 OK for: express@5.2.1 want: ^3.0.0
256 silly fetch manifest mime-db@^1.54.0
257 silly placeDep ROOT on-finished@2.4.1 OK for: express@5.2.1 want: ^2.4.1
258 silly fetch manifest ee-first@1.1.1
259 silly placeDep ROOT once@1.4.0 OK for: express@5.2.1 want: ^1.4.0
260 silly fetch manifest wrappy@1
261 silly placeDep ROOT parseurl@1.3.3 OK for: express@5.2.1 want: ^1.3.3
262 silly placeDep ROOT proxy-addr@2.0.7 OK for: express@5.2.1 want: ^2.0.7
263 silly fetch manifest forwarded@0.2.0
264 silly fetch manifest ipaddr.js@1.9.1
265 silly placeDep ROOT qs@6.15.0 OK for: express@5.2.1 want: ^6.14.0
266 silly fetch manifest side-channel@^1.1.0
267 silly placeDep ROOT range-parser@1.2.1 OK for: express@5.2.1 want: ^1.2.1
268 silly placeDep ROOT router@2.2.0 OK for: express@5.2.1 want: ^2.2.0
269 silly fetch manifest is-promise@^4.0.0
270 silly fetch manifest path-to-regexp@^8.0.0
271 silly placeDep ROOT send@1.2.1 OK for: express@5.2.1 want: ^1.1.0
272 silly fetch manifest statuses@^2.0.2
273 silly placeDep ROOT serve-static@2.2.1 OK for: express@5.2.1 want: ^2.2.0
274 silly placeDep ROOT statuses@2.0.2 OK for: express@5.2.1 want: ^2.0.1
275 silly placeDep ROOT type-is@2.0.1 OK for: express@5.2.1 want: ^2.0.1
276 silly fetch manifest media-typer@^1.1.0
277 http fetch GET 200 https://registry.npmjs.org/wrappy 14ms (cache hit)
278 http fetch GET 200 https://registry.npmjs.org/forwarded 48ms (cache miss)
279 http fetch GET 200 https://registry.npmjs.org/toidentifier 57ms (cache miss)
280 http fetch GET 200 https://registry.npmjs.org/setprototypeof 65ms (cache miss)
281 http fetch GET 200 https://registry.npmjs.org/inherits 66ms (cache miss)
282 http fetch GET 200 https://registry.npmjs.org/ms 70ms (cache miss)
283 http fetch GET 200 https://registry.npmjs.org/is-promise 63ms (cache miss)
284 http fetch GET 200 https://registry.npmjs.org/side-channel 65ms (cache miss)
285 http fetch GET 200 https://registry.npmjs.org/ipaddr.js 66ms (cache miss)
286 http fetch GET 200 https://registry.npmjs.org/path-to-regexp 66ms (cache miss)
287 http fetch GET 200 https://registry.npmjs.org/mime-db 70ms (cache miss)
288 http fetch GET 200 https://registry.npmjs.org/media-typer 64ms (cache miss)
289 http fetch GET 200 https://registry.npmjs.org/negotiator 85ms (cache miss)
290 http fetch GET 200 https://registry.npmjs.org/ee-first 78ms (cache miss)
291 timing idealTree:node_modules/express Completed in 90ms
292 silly placeDep ROOT negotiator@1.0.0 OK for: accepts@2.0.0 want: ^1.0.0
293 timing idealTree:node_modules/accepts Completed in 0ms
294 silly placeDep ROOT bytes@3.1.2 OK for: body-parser@2.2.2 want: ^3.1.2
295 silly placeDep ROOT iconv-lite@0.7.2 OK for: body-parser@2.2.2 want: ^0.7.0
296 silly fetch manifest safer-buffer@>= 2.1.2 < 3.0.0
297 http fetch GET 200 https://registry.npmjs.org/safer-buffer 60ms (cache miss)
298 timing idealTree:node_modules/body-parser Completed in 62ms
299 timing idealTree:node_modules/bytes Completed in 1ms
300 timing idealTree:node_modules/content-disposition Completed in 0ms
301 timing idealTree:node_modules/cookie Completed in 0ms
302 timing idealTree:node_modules/cookie-signature Completed in 0ms
303 silly placeDep ROOT ms@2.1.3 OK for: debug@4.4.3 want: ^2.1.3
304 timing idealTree:node_modules/debug Completed in 1ms
305 timing idealTree:node_modules/depd Completed in 0ms
306 timing idealTree:node_modules/encodeurl Completed in 0ms
307 timing idealTree:node_modules/escape-html Completed in 0ms
308 timing idealTree:node_modules/etag Completed in 0ms
309 silly placeDep ROOT ip-address@10.1.0 OK for: express-rate-limit@8.3.2 want: 10.1.0
310 timing idealTree:node_modules/express-rate-limit Completed in 1ms
311 timing idealTree:node_modules/fast-deep-equal Completed in 0ms
312 timing idealTree:node_modules/fast-uri Completed in 0ms
313 timing idealTree:node_modules/finalhandler Completed in 0ms
314 timing idealTree:node_modules/fresh Completed in 0ms
315 silly placeDep ROOT foreground-child@3.3.1 OK for: glob@10.5.0 want: ^3.1.0
316 silly fetch manifest signal-exit@^4.0.1
317 silly placeDep ROOT jackspeak@3.4.3 OK for: glob@10.5.0 want: ^3.1.2
318 silly fetch manifest @isaacs/cliui@^8.0.2
319 silly fetch manifest @pkgjs/parseargs@^0.11.0
320 silly placeDep node_modules/glob minimatch@9.0.9 OK for: glob@10.5.0 want: ^9.0.4
321 silly fetch manifest brace-expansion@^2.0.2
322 silly placeDep ROOT minipass@7.1.3 OK for: glob@10.5.0 want: ^7.1.2
323 silly placeDep ROOT package-json-from-dist@1.0.1 OK for: glob@10.5.0 want: ^1.0.0
324 silly placeDep ROOT path-scurry@1.11.1 OK for: glob@10.5.0 want: ^1.11.1
325 silly fetch manifest lru-cache@^10.2.0
326 http fetch GET 200 https://registry.npmjs.org/signal-exit 92ms (cache miss)
327 http fetch GET 200 https://registry.npmjs.org/@pkgjs%2fparseargs 92ms (cache miss)
328 http fetch GET 200 https://registry.npmjs.org/@isaacs%2fcliui 94ms (cache miss)
329 http fetch GET 200 https://registry.npmjs.org/lru-cache 92ms (cache miss)
330 timing idealTree:node_modules/glob Completed in 99ms
331 silly placeDep ROOT signal-exit@4.1.0 OK for: foreground-child@3.3.1 want: ^4.0.1
332 timing idealTree:node_modules/foreground-child Completed in 1ms
333 timing idealTree:node_modules/hono Completed in 0ms
334 silly placeDep ROOT inherits@2.0.4 OK for: http-errors@2.0.1 want: ~2.0.4
335 silly placeDep ROOT setprototypeof@1.2.0 OK for: http-errors@2.0.1 want: ~1.2.0
336 silly placeDep ROOT toidentifier@1.0.1 OK for: http-errors@2.0.1 want: ~1.0.1
337 timing idealTree:node_modules/http-errors Completed in 1ms
338 silly placeDep ROOT safer-buffer@2.1.2 OK for: iconv-lite@0.7.2 want: >= 2.1.2 < 3.0.0
339 timing idealTree:node_modules/iconv-lite Completed in 1ms
340 timing idealTree:node_modules/inherits Completed in 0ms
341 timing idealTree:node_modules/ip-address Completed in 0ms
342 silly placeDep ROOT @isaacs/cliui@8.0.2 OK for: jackspeak@3.4.3 want: ^8.0.2
343 silly fetch manifest wrap-ansi@^8.1.0
344 silly fetch manifest strip-ansi@^7.0.1
345 silly fetch manifest string-width@^5.1.2
346 silly fetch manifest wrap-ansi-cjs@npm:wrap-ansi@^7.0.0
347 silly fetch manifest strip-ansi-cjs@npm:strip-ansi@^6.0.1
348 silly fetch manifest string-width-cjs@npm:string-width@^4.2.0
349 silly placeDep ROOT @pkgjs/parseargs@0.11.0 OK for: jackspeak@3.4.3 want: ^0.11.0
350 http fetch GET 200 https://registry.npmjs.org/string-width 57ms (cache miss)
351 http fetch GET 200 https://registry.npmjs.org/wrap-ansi 59ms (cache miss)
352 http fetch GET 200 https://registry.npmjs.org/strip-ansi 60ms (cache miss)
353 http fetch GET 200 https://registry.npmjs.org/string-width 61ms (cache miss)
354 http fetch GET 200 https://registry.npmjs.org/wrap-ansi 86ms (cache miss)
355 http fetch GET 200 https://registry.npmjs.org/strip-ansi 196ms (cache miss)
356 timing idealTree:node_modules/jackspeak Completed in 197ms
357 silly placeDep ROOT string-width@5.1.2 OK for: @isaacs/cliui@8.0.2 want: ^5.1.2
358 silly fetch manifest emoji-regex@^9.2.2
359 silly fetch manifest eastasianwidth@^0.2.0
360 silly placeDep ROOT string-width-cjs@4.2.3 OK for: @isaacs/cliui@8.0.2 want: npm:string-width@^4.2.0
361 silly fetch manifest strip-ansi@^6.0.1
362 silly fetch manifest emoji-regex@^8.0.0
363 silly fetch manifest is-fullwidth-code-point@^3.0.0
364 silly placeDep ROOT strip-ansi@7.2.0 OK for: @isaacs/cliui@8.0.2 want: ^7.0.1
365 silly fetch manifest ansi-regex@^6.2.2
366 silly placeDep ROOT strip-ansi-cjs@6.0.1 OK for: @isaacs/cliui@8.0.2 want: npm:strip-ansi@^6.0.1
367 silly fetch manifest ansi-regex@^5.0.1
368 silly placeDep ROOT wrap-ansi@8.1.0 OK for: @isaacs/cliui@8.0.2 want: ^8.1.0
369 silly fetch manifest ansi-styles@^6.1.0
370 silly placeDep ROOT wrap-ansi-cjs@7.0.0 OK for: @isaacs/cliui@8.0.2 want: npm:wrap-ansi@^7.0.0
371 silly fetch manifest strip-ansi@^6.0.0
372 silly fetch manifest ansi-styles@^4.0.0
373 silly fetch manifest string-width@^4.1.0
374 http fetch GET 200 https://registry.npmjs.org/ansi-styles 62ms (cache miss)
375 http fetch GET 200 https://registry.npmjs.org/eastasianwidth 66ms (cache miss)
376 http fetch GET 200 https://registry.npmjs.org/is-fullwidth-code-point 66ms (cache miss)
377 http fetch GET 200 https://registry.npmjs.org/ansi-styles 63ms (cache miss)
378 http fetch GET 200 https://registry.npmjs.org/emoji-regex 69ms (cache miss)
379 http fetch GET 200 https://registry.npmjs.org/emoji-regex 67ms (cache miss)
380 http fetch GET 200 https://registry.npmjs.org/ansi-regex 66ms (cache miss)
381 http fetch GET 200 https://registry.npmjs.org/ansi-regex 71ms (cache miss)
382 timing idealTree:node_modules/@isaacs/cliui Completed in 79ms
383 timing idealTree:node_modules/@pkgjs/parseargs Completed in 0ms
384 timing idealTree:node_modules/jose Completed in 0ms
385 timing idealTree:node_modules/json-schema-traverse Completed in 0ms
386 timing idealTree:node_modules/json-schema-typed Completed in 0ms
387 timing idealTree:node_modules/merge-descriptors Completed in 0ms
388 silly placeDep ROOT mime-db@1.54.0 OK for: mime-types@3.0.2 want: ^1.54.0
389 timing idealTree:node_modules/mime-types Completed in 0ms
390 timing idealTree:node_modules/mime-db Completed in 0ms
391 silly placeDep ROOT brace-expansion@5.0.5 OK for: minimatch@10.2.5 want: ^5.0.5
392 silly fetch manifest balanced-match@^4.0.2
393 http fetch GET 200 https://registry.npmjs.org/balanced-match 78ms (cache miss)
394 timing idealTree:node_modules/minimatch Completed in 80ms
395 silly placeDep ROOT balanced-match@4.0.4 OK for: brace-expansion@5.0.5 want: ^4.0.2
396 timing idealTree:node_modules/brace-expansion Completed in 1ms
397 timing idealTree:node_modules/balanced-match Completed in 0ms
398 timing idealTree:node_modules/minipass Completed in 0ms
399 timing idealTree:node_modules/ms Completed in 0ms
400 timing idealTree:node_modules/negotiator Completed in 0ms
401 timing idealTree:node_modules/object-assign Completed in 0ms
402 silly placeDep ROOT ee-first@1.1.1 OK for: on-finished@2.4.1 want: 1.1.1
403 timing idealTree:node_modules/on-finished Completed in 1ms
404 timing idealTree:node_modules/ee-first Completed in 0ms
405 silly placeDep ROOT wrappy@1.0.2 OK for: once@1.4.0 want: 1
406 timing idealTree:node_modules/once Completed in 1ms
407 timing idealTree:node_modules/package-json-from-dist Completed in 0ms
408 timing idealTree:node_modules/parseurl Completed in 0ms
409 timing idealTree:node_modules/path-key Completed in 0ms
410 silly placeDep ROOT lru-cache@10.4.3 OK for: path-scurry@1.11.1 want: ^10.2.0
411 timing idealTree:node_modules/path-scurry Completed in 1ms
412 timing idealTree:node_modules/lru-cache Completed in 0ms
413 timing idealTree:node_modules/pkce-challenge Completed in 0ms
414 silly placeDep ROOT forwarded@0.2.0 OK for: proxy-addr@2.0.7 want: 0.2.0
415 silly placeDep ROOT ipaddr.js@1.9.1 OK for: proxy-addr@2.0.7 want: 1.9.1
416 timing idealTree:node_modules/proxy-addr Completed in 1ms
417 timing idealTree:node_modules/forwarded Completed in 0ms
418 timing idealTree:node_modules/ipaddr.js Completed in 0ms
419 silly placeDep ROOT side-channel@1.1.0 OK for: qs@6.15.0 want: ^1.1.0
420 silly fetch manifest es-errors@^1.3.0
421 silly fetch manifest object-inspect@^1.13.3
422 silly fetch manifest side-channel-list@^1.0.0
423 silly fetch manifest side-channel-map@^1.0.1
424 silly fetch manifest side-channel-weakmap@^1.0.2
425 http fetch GET 200 https://registry.npmjs.org/es-errors 42ms (cache miss)
426 http fetch GET 200 https://registry.npmjs.org/side-channel-map 50ms (cache miss)
427 http fetch GET 200 https://registry.npmjs.org/side-channel-weakmap 50ms (cache miss)
428 http fetch GET 200 https://registry.npmjs.org/object-inspect 52ms (cache miss)
429 http fetch GET 200 https://registry.npmjs.org/side-channel-list 67ms (cache miss)
430 timing idealTree:node_modules/qs Completed in 68ms
431 timing idealTree:node_modules/range-parser Completed in 0ms
432 silly placeDep ROOT unpipe@1.0.0 OK for: raw-body@3.0.2 want: ~1.0.0
433 timing idealTree:node_modules/raw-body Completed in 1ms
434 timing idealTree:node_modules/require-from-string Completed in 0ms
435 silly placeDep ROOT is-promise@4.0.0 OK for: router@2.2.0 want: ^4.0.0
436 silly placeDep ROOT path-to-regexp@8.4.2 OK for: router@2.2.0 want: ^8.0.0
437 timing idealTree:node_modules/router Completed in 1ms
438 timing idealTree:node_modules/is-promise Completed in 0ms
439 timing idealTree:node_modules/path-to-regexp Completed in 0ms
440 timing idealTree:node_modules/safer-buffer Completed in 0ms
441 timing idealTree:node_modules/send Completed in 0ms
442 timing idealTree:node_modules/serve-static Completed in 0ms
443 timing idealTree:node_modules/setprototypeof Completed in 0ms
444 silly placeDep ROOT shebang-regex@3.0.0 OK for: shebang-command@2.0.0 want: ^3.0.0
445 timing idealTree:node_modules/shebang-command Completed in 0ms
446 timing idealTree:node_modules/shebang-regex Completed in 0ms
447 silly placeDep ROOT es-errors@1.3.0 OK for: side-channel@1.1.0 want: ^1.3.0
448 silly placeDep ROOT object-inspect@1.13.4 OK for: side-channel@1.1.0 want: ^1.13.3
449 silly placeDep ROOT side-channel-list@1.0.0 OK for: side-channel@1.1.0 want: ^1.0.0
450 silly placeDep ROOT side-channel-map@1.0.1 OK for: side-channel@1.1.0 want: ^1.0.1
451 silly fetch manifest call-bound@^1.0.2
452 silly fetch manifest get-intrinsic@^1.2.5
453 silly placeDep ROOT side-channel-weakmap@1.0.2 OK for: side-channel@1.1.0 want: ^1.0.2
454 http fetch GET 200 https://registry.npmjs.org/get-intrinsic 45ms (cache miss)
455 http fetch GET 200 https://registry.npmjs.org/call-bound 55ms (cache miss)
456 timing idealTree:node_modules/side-channel Completed in 58ms
457 timing idealTree:node_modules/es-errors Completed in 0ms
458 timing idealTree:node_modules/object-inspect Completed in 0ms
459 timing idealTree:node_modules/side-channel-list Completed in 0ms
460 silly placeDep ROOT call-bound@1.0.4 OK for: side-channel-map@1.0.1 want: ^1.0.2
461 silly fetch manifest call-bind-apply-helpers@^1.0.2
462 silly fetch manifest get-intrinsic@^1.3.0
463 silly placeDep ROOT get-intrinsic@1.3.0 OK for: side-channel-map@1.0.1 want: ^1.2.5
464 silly fetch manifest gopd@^1.2.0
465 silly fetch manifest hasown@^2.0.2
466 silly fetch manifest get-proto@^1.0.1
467 silly fetch manifest has-symbols@^1.1.0
468 silly fetch manifest function-bind@^1.1.2
469 silly fetch manifest es-object-atoms@^1.1.1
470 silly fetch manifest math-intrinsics@^1.1.0
471 silly fetch manifest es-define-property@^1.0.1
472 http fetch GET 200 https://registry.npmjs.org/function-bind 40ms (cache miss)
473 http fetch GET 200 https://registry.npmjs.org/has-symbols 48ms (cache miss)
474 http fetch GET 200 https://registry.npmjs.org/hasown 49ms (cache miss)
475 http fetch GET 200 https://registry.npmjs.org/es-object-atoms 49ms (cache miss)
476 http fetch GET 200 https://registry.npmjs.org/get-proto 50ms (cache miss)
477 http fetch GET 200 https://registry.npmjs.org/call-bind-apply-helpers 53ms (cache miss)
478 http fetch GET 200 https://registry.npmjs.org/gopd 53ms (cache miss)
479 http fetch GET 200 https://registry.npmjs.org/es-define-property 78ms (cache miss)
480 http fetch GET 200 https://registry.npmjs.org/math-intrinsics 86ms (cache miss)
481 timing idealTree:node_modules/side-channel-map Completed in 89ms
482 silly placeDep ROOT call-bind-apply-helpers@1.0.2 OK for: call-bound@1.0.4 want: ^1.0.2
483 timing idealTree:node_modules/call-bound Completed in 1ms
484 silly placeDep ROOT function-bind@1.1.2 OK for: call-bind-apply-helpers@1.0.2 want: ^1.1.2
485 timing idealTree:node_modules/call-bind-apply-helpers Completed in 1ms
486 timing idealTree:node_modules/function-bind Completed in 0ms
487 silly placeDep ROOT es-define-property@1.0.1 OK for: get-intrinsic@1.3.0 want: ^1.0.1
488 silly placeDep ROOT es-object-atoms@1.1.1 OK for: get-intrinsic@1.3.0 want: ^1.1.1
489 silly placeDep ROOT get-proto@1.0.1 OK for: get-intrinsic@1.3.0 want: ^1.0.1
490 silly fetch manifest dunder-proto@^1.0.1
491 silly placeDep ROOT gopd@1.2.0 OK for: get-intrinsic@1.3.0 want: ^1.2.0
492 silly placeDep ROOT has-symbols@1.1.0 OK for: get-intrinsic@1.3.0 want: ^1.1.0
493 silly placeDep ROOT hasown@2.0.2 OK for: get-intrinsic@1.3.0 want: ^2.0.2
494 silly placeDep ROOT math-intrinsics@1.1.0 OK for: get-intrinsic@1.3.0 want: ^1.1.0
495 http fetch GET 200 https://registry.npmjs.org/dunder-proto 50ms (cache miss)
496 timing idealTree:node_modules/get-intrinsic Completed in 53ms
497 timing idealTree:node_modules/es-define-property Completed in 0ms
498 timing idealTree:node_modules/es-object-atoms Completed in 0ms
499 silly placeDep ROOT dunder-proto@1.0.1 OK for: get-proto@1.0.1 want: ^1.0.1
500 timing idealTree:node_modules/get-proto Completed in 1ms
501 timing idealTree:node_modules/dunder-proto Completed in 0ms
502 timing idealTree:node_modules/gopd Completed in 0ms
503 timing idealTree:node_modules/has-symbols Completed in 0ms
504 timing idealTree:node_modules/hasown Completed in 0ms
505 timing idealTree:node_modules/math-intrinsics Completed in 0ms
506 timing idealTree:node_modules/side-channel-weakmap Completed in 0ms
507 timing idealTree:node_modules/signal-exit Completed in 0ms
508 timing idealTree:node_modules/statuses Completed in 0ms
509 silly placeDep ROOT eastasianwidth@0.2.0 OK for: string-width@5.1.2 want: ^0.2.0
510 silly placeDep ROOT emoji-regex@9.2.2 OK for: string-width@5.1.2 want: ^9.2.2
511 timing idealTree:node_modules/string-width Completed in 1ms
512 timing idealTree:node_modules/eastasianwidth Completed in 0ms
513 timing idealTree:node_modules/emoji-regex Completed in 0ms
514 silly placeDep node_modules/string-width-cjs emoji-regex@8.0.0 OK for: string-width@4.2.3 want: ^8.0.0
515 silly placeDep ROOT is-fullwidth-code-point@3.0.0 OK for: string-width@4.2.3 want: ^3.0.0
516 silly placeDep node_modules/string-width-cjs strip-ansi@6.0.1 OK for: string-width@4.2.3 want: ^6.0.1
517 timing idealTree:node_modules/string-width-cjs Completed in 2ms
518 timing idealTree:node_modules/is-fullwidth-code-point Completed in 0ms
519 silly placeDep ROOT ansi-regex@6.2.2 OK for: strip-ansi@7.2.0 want: ^6.2.2
520 timing idealTree:node_modules/strip-ansi Completed in 1ms
521 timing idealTree:node_modules/ansi-regex Completed in 0ms
522 silly placeDep node_modules/strip-ansi-cjs ansi-regex@5.0.1 OK for: strip-ansi@6.0.1 want: ^5.0.1
523 timing idealTree:node_modules/strip-ansi-cjs Completed in 0ms
524 timing idealTree:node_modules/toidentifier Completed in 0ms
525 silly placeDep ROOT media-typer@1.1.0 OK for: type-is@2.0.1 want: ^1.1.0
526 timing idealTree:node_modules/type-is Completed in 1ms
527 timing idealTree:node_modules/media-typer Completed in 0ms
528 timing idealTree:node_modules/unpipe Completed in 0ms
529 timing idealTree:node_modules/vary Completed in 0ms
530 silly placeDep ROOT isexe@2.0.0 OK for: which@2.0.2 want: ^2.0.0
531 timing idealTree:node_modules/which Completed in 0ms
532 timing idealTree:node_modules/isexe Completed in 0ms
533 silly placeDep ROOT ansi-styles@6.2.3 OK for: wrap-ansi@8.1.0 want: ^6.1.0
534 timing idealTree:node_modules/wrap-ansi Completed in 0ms
535 timing idealTree:node_modules/ansi-styles Completed in 0ms
536 silly placeDep node_modules/wrap-ansi-cjs ansi-styles@4.3.0 OK for: wrap-ansi@7.0.0 want: ^4.0.0
537 silly fetch manifest color-convert@^2.0.1
538 silly placeDep node_modules/wrap-ansi-cjs string-width@4.2.3 OK for: wrap-ansi@7.0.0 want: ^4.1.0
539 silly placeDep node_modules/wrap-ansi-cjs strip-ansi@6.0.1 OK for: wrap-ansi@7.0.0 want: ^6.0.0
540 http fetch GET 200 https://registry.npmjs.org/color-convert 60ms (cache miss)
541 timing idealTree:node_modules/wrap-ansi-cjs Completed in 62ms
542 timing idealTree:node_modules/wrappy Completed in 0ms
543 timing idealTree:node_modules/zod Completed in 0ms
544 timing idealTree:node_modules/zod-to-json-schema Completed in 0ms
545 silly placeDep node_modules/glob brace-expansion@2.0.3 OK for: minimatch@9.0.9 want: ^2.0.2
546 silly fetch manifest balanced-match@^1.0.0
547 timing idealTree:node_modules/glob/node_modules/minimatch Completed in 3ms
548 silly placeDep node_modules/glob balanced-match@1.0.2 OK for: brace-expansion@2.0.3 want: ^1.0.0
549 timing idealTree:node_modules/glob/node_modules/brace-expansion Completed in 1ms
550 timing idealTree:node_modules/glob/node_modules/balanced-match Completed in 0ms
551 timing idealTree:node_modules/string-width-cjs/node_modules/emoji-regex Completed in 0ms
552 silly placeDep node_modules/string-width-cjs ansi-regex@5.0.1 OK for: strip-ansi@6.0.1 want: ^5.0.1
553 timing idealTree:node_modules/string-width-cjs/node_modules/strip-ansi Completed in 1ms
554 timing idealTree:node_modules/string-width-cjs/node_modules/ansi-regex Completed in 0ms
555 timing idealTree:node_modules/strip-ansi-cjs/node_modules/ansi-regex Completed in 0ms
556 silly placeDep ROOT color-convert@2.0.1 OK for: ansi-styles@4.3.0 want: ^2.0.1
557 silly fetch manifest color-name@~1.1.4
558 http fetch GET 200 https://registry.npmjs.org/color-name 59ms (cache miss)
559 timing idealTree:node_modules/wrap-ansi-cjs/node_modules/ansi-styles Completed in 61ms
560 silly placeDep ROOT color-name@1.1.4 OK for: color-convert@2.0.1 want: ~1.1.4
561 timing idealTree:node_modules/color-convert Completed in 1ms
562 timing idealTree:node_modules/color-name Completed in 0ms
563 silly placeDep node_modules/wrap-ansi-cjs emoji-regex@8.0.0 OK for: string-width@4.2.3 want: ^8.0.0
564 timing idealTree:node_modules/wrap-ansi-cjs/node_modules/string-width Completed in 2ms
565 timing idealTree:node_modules/wrap-ansi-cjs/node_modules/emoji-regex Completed in 0ms
566 silly placeDep node_modules/wrap-ansi-cjs ansi-regex@5.0.1 OK for: strip-ansi@6.0.1 want: ^5.0.1
567 timing idealTree:node_modules/wrap-ansi-cjs/node_modules/strip-ansi Completed in 1ms
568 timing idealTree:node_modules/wrap-ansi-cjs/node_modules/ansi-regex Completed in 0ms
569 timing idealTree:buildDeps Completed in 4581ms
570 timing idealTree:fixDepFlags Completed in 1ms
571 timing idealTree Completed in 4586ms
572 timing reify:loadTrees Completed in 4586ms
573 timing reify:diffTrees Completed in 1ms
574 silly reify moves {}
575 timing reify:retireShallow Completed in 0ms
576 timing reify:createSparse Completed in 32ms
577 timing reify:loadBundles Completed in 0ms
578 silly audit bulk request {
578 silly audit   '@modelcontextprotocol/server-filesystem': [ '2026.1.14' ],
578 silly audit   '@modelcontextprotocol/sdk': [ '1.29.0' ],
578 silly audit   diff: [ '5.2.2' ],
578 silly audit   glob: [ '10.5.0' ],
578 silly audit   minimatch: [ '10.2.5', '9.0.9' ],
578 silly audit   'zod-to-json-schema': [ '3.25.2' ],
578 silly audit   zod: [ '4.3.6' ],
578 silly audit   '@hono/node-server': [ '1.19.13' ],
578 silly audit   hono: [ '4.12.12' ],
578 silly audit   ajv: [ '8.18.0' ],
578 silly audit   'ajv-formats': [ '3.0.1' ],
578 silly audit   'content-type': [ '1.0.5' ],
578 silly audit   cors: [ '2.8.6' ],
578 silly audit   'cross-spawn': [ '7.0.6' ],
578 silly audit   eventsource: [ '3.0.7' ],
578 silly audit   'eventsource-parser': [ '3.0.6' ],
578 silly audit   express: [ '5.2.1' ],
578 silly audit   'express-rate-limit': [ '8.3.2' ],
578 silly audit   jose: [ '6.2.2' ],
578 silly audit   'json-schema-typed': [ '8.0.2' ],
578 silly audit   'pkce-challenge': [ '5.0.1' ],
578 silly audit   'raw-body': [ '3.0.2' ],
578 silly audit   'fast-deep-equal': [ '3.1.3' ],
578 silly audit   'fast-uri': [ '3.1.0' ],
578 silly audit   'json-schema-traverse': [ '1.0.0' ],
578 silly audit   'require-from-string': [ '2.0.2' ],
578 silly audit   'object-assign': [ '4.1.1' ],
578 silly audit   vary: [ '1.1.2' ],
578 silly audit   'path-key': [ '3.1.1' ],
578 silly audit   'shebang-command': [ '2.0.0' ],
578 silly audit   which: [ '2.0.2' ],
578 silly audit   accepts: [ '2.0.0' ],
578 silly audit   'body-parser': [ '2.2.2' ],
578 silly audit   'content-disposition': [ '1.1.0' ],
578 silly audit   cookie: [ '0.7.2' ],
578 silly audit   'cookie-signature': [ '1.2.2' ],
578 silly audit   debug: [ '4.4.3' ],
578 silly audit   depd: [ '2.0.0' ],
578 silly audit   encodeurl: [ '2.0.0' ],
578 silly audit   'escape-html': [ '1.0.3' ],
578 silly audit   etag: [ '1.8.1' ],
578 silly audit   finalhandler: [ '2.1.1' ],
578 silly audit   fresh: [ '2.0.0' ],
578 silly audit   'http-errors': [ '2.0.1' ],
578 silly audit   'merge-descriptors': [ '2.0.0' ],
578 silly audit   'mime-types': [ '3.0.2' ],
578 silly audit   'on-finished': [ '2.4.1' ],
578 silly audit   once: [ '1.4.0' ],
578 silly audit   parseurl: [ '1.3.3' ],
578 silly audit   'proxy-addr': [ '2.0.7' ],
578 silly audit   qs: [ '6.15.0' ],
578 silly audit   'range-parser': [ '1.2.1' ],
578 silly audit   router: [ '2.2.0' ],
578 silly audit   send: [ '1.2.1' ],
578 silly audit   'serve-static': [ '2.2.1' ],
578 silly audit   statuses: [ '2.0.2' ],
578 silly audit   'type-is': [ '2.0.1' ],
578 silly audit   negotiator: [ '1.0.0' ],
578 silly audit   bytes: [ '3.1.2' ],
578 silly audit   'iconv-lite': [ '0.7.2' ],
578 silly audit   ms: [ '2.1.3' ],
578 silly audit   'ip-address': [ '10.1.0' ],
578 silly audit   'foreground-child': [ '3.3.1' ],
578 silly audit   jackspeak: [ '3.4.3' ],
578 silly audit   minipass: [ '7.1.3' ],
578 silly audit   'package-json-from-dist': [ '1.0.1' ],
578 silly audit   'path-scurry': [ '1.11.1' ],
578 silly audit   'signal-exit': [ '4.1.0' ],
578 silly audit   inherits: [ '2.0.4' ],
578 silly audit   setprototypeof: [ '1.2.0' ],
578 silly audit   toidentifier: [ '1.0.1' ],
578 silly audit   'safer-buffer': [ '2.1.2' ],
578 silly audit   '@isaacs/cliui': [ '8.0.2' ],
578 silly audit   '@pkgjs/parseargs': [ '0.11.0' ],
578 silly audit   'string-width': [ '5.1.2', '4.2.3' ],
578 silly audit   'strip-ansi': [ '7.2.0', '6.0.1' ],
578 silly audit   'wrap-ansi': [ '8.1.0', '7.0.0' ],
578 silly audit   'mime-db': [ '1.54.0' ],
578 silly audit   'brace-expansion': [ '5.0.5', '2.0.3' ],
578 silly audit   'balanced-match': [ '4.0.4', '1.0.2' ],
578 silly audit   'ee-first': [ '1.1.1' ],
578 silly audit   wrappy: [ '1.0.2' ],
578 silly audit   'lru-cache': [ '10.4.3' ],
578 silly audit   forwarded: [ '0.2.0' ],
578 silly audit   'ipaddr.js': [ '1.9.1' ],
578 silly audit   'side-channel': [ '1.1.0' ],
578 silly audit   unpipe: [ '1.0.0' ],
578 silly audit   'is-promise': [ '4.0.0' ],
578 silly audit   'path-to-regexp': [ '8.4.2' ],
578 silly audit   'shebang-regex': [ '3.0.0' ],
578 silly audit   'es-errors': [ '1.3.0' ],
578 silly audit   'object-inspect': [ '1.13.4' ],
578 silly audit   'side-channel-list': [ '1.0.0' ],
578 silly audit   'side-channel-map': [ '1.0.1' ],
578 silly audit   'side-channel-weakmap': [ '1.0.2' ],
578 silly audit   'call-bound': [ '1.0.4' ],
578 silly audit   'get-intrinsic': [ '1.3.0' ],
578 silly audit   'call-bind-apply-helpers': [ '1.0.2' ],
578 silly audit   'function-bind': [ '1.1.2' ],
578 silly audit   'es-define-property': [ '1.0.1' ],
578 silly audit   'es-object-atoms': [ '1.1.1' ],
578 silly audit   'get-proto': [ '1.0.1' ],
578 silly audit   gopd: [ '1.2.0' ],
578 silly audit   'has-symbols': [ '1.1.0' ],
578 silly audit   hasown: [ '2.0.2' ],
578 silly audit   'math-intrinsics': [ '1.1.0' ],
578 silly audit   'dunder-proto': [ '1.0.1' ],
578 silly audit   eastasianwidth: [ '0.2.0' ],
578 silly audit   'emoji-regex': [ '9.2.2', '8.0.0' ],
578 silly audit   'is-fullwidth-code-point': [ '3.0.0' ],
578 silly audit   'ansi-regex': [ '6.2.2', '5.0.1' ],
578 silly audit   'media-typer': [ '1.1.0' ],
578 silly audit   isexe: [ '2.0.0' ],
578 silly audit   'ansi-styles': [ '6.2.3', '4.3.0' ],
578 silly audit   'color-convert': [ '2.0.1' ],
578 silly audit   'color-name': [ '1.1.4' ]
578 silly audit }
579 silly tarball no local data for color-name@https://registry.npmjs.org/color-name/-/color-name-1.1.4.tgz. Extracting by manifest.
580 silly tarball no local data for color-convert@https://registry.npmjs.org/color-convert/-/color-convert-2.0.1.tgz. Extracting by manifest.
581 silly tarball no local data for ansi-styles@https://registry.npmjs.org/ansi-styles/-/ansi-styles-6.2.3.tgz. Extracting by manifest.
582 silly tarball no local data for is-fullwidth-code-point@https://registry.npmjs.org/is-fullwidth-code-point/-/is-fullwidth-code-point-3.0.0.tgz. Extracting by manifest.
583 silly tarball no local data for media-typer@https://registry.npmjs.org/media-typer/-/media-typer-1.1.0.tgz. Extracting by manifest.
584 silly tarball no local data for ansi-regex@https://registry.npmjs.org/ansi-regex/-/ansi-regex-6.2.2.tgz. Extracting by manifest.
585 silly tarball no local data for eastasianwidth@https://registry.npmjs.org/eastasianwidth/-/eastasianwidth-0.2.0.tgz. Extracting by manifest.
586 silly tarball no local data for dunder-proto@https://registry.npmjs.org/dunder-proto/-/dunder-proto-1.0.1.tgz. Extracting by manifest.
587 silly tarball no local data for emoji-regex@https://registry.npmjs.org/emoji-regex/-/emoji-regex-9.2.2.tgz. Extracting by manifest.
588 silly tarball no local data for hasown@https://registry.npmjs.org/hasown/-/hasown-2.0.2.tgz. Extracting by manifest.
589 silly tarball no local data for math-intrinsics@https://registry.npmjs.org/math-intrinsics/-/math-intrinsics-1.1.0.tgz. Extracting by manifest.
590 silly tarball no local data for has-symbols@https://registry.npmjs.org/has-symbols/-/has-symbols-1.1.0.tgz. Extracting by manifest.
591 silly tarball no local data for gopd@https://registry.npmjs.org/gopd/-/gopd-1.2.0.tgz. Extracting by manifest.
592 silly tarball no local data for get-proto@https://registry.npmjs.org/get-proto/-/get-proto-1.0.1.tgz. Extracting by manifest.
593 silly tarball no local data for es-define-property@https://registry.npmjs.org/es-define-property/-/es-define-property-1.0.1.tgz. Extracting by manifest.
594 silly tarball no local data for es-object-atoms@https://registry.npmjs.org/es-object-atoms/-/es-object-atoms-1.1.1.tgz. Extracting by manifest.
595 silly tarball no local data for function-bind@https://registry.npmjs.org/function-bind/-/function-bind-1.1.2.tgz. Extracting by manifest.
596 silly tarball no local data for call-bind-apply-helpers@https://registry.npmjs.org/call-bind-apply-helpers/-/call-bind-apply-helpers-1.0.2.tgz. Extracting by manifest.
597 silly tarball no local data for get-intrinsic@https://registry.npmjs.org/get-intrinsic/-/get-intrinsic-1.3.0.tgz. Extracting by manifest.
598 silly tarball no local data for call-bound@https://registry.npmjs.org/call-bound/-/call-bound-1.0.4.tgz. Extracting by manifest.
599 silly tarball no local data for side-channel-weakmap@https://registry.npmjs.org/side-channel-weakmap/-/side-channel-weakmap-1.0.2.tgz. Extracting by manifest.
600 silly tarball no local data for side-channel-map@https://registry.npmjs.org/side-channel-map/-/side-channel-map-1.0.1.tgz. Extracting by manifest.
601 silly tarball no local data for side-channel-list@https://registry.npmjs.org/side-channel-list/-/side-channel-list-1.0.0.tgz. Extracting by manifest.
602 silly tarball no local data for object-inspect@https://registry.npmjs.org/object-inspect/-/object-inspect-1.13.4.tgz. Extracting by manifest.
603 silly tarball no local data for es-errors@https://registry.npmjs.org/es-errors/-/es-errors-1.3.0.tgz. Extracting by manifest.
604 silly tarball no local data for is-promise@https://registry.npmjs.org/is-promise/-/is-promise-4.0.0.tgz. Extracting by manifest.
605 silly tarball no local data for unpipe@https://registry.npmjs.org/unpipe/-/unpipe-1.0.0.tgz. Extracting by manifest.
606 silly tarball no local data for side-channel@https://registry.npmjs.org/side-channel/-/side-channel-1.1.0.tgz. Extracting by manifest.
607 silly tarball no local data for path-to-regexp@https://registry.npmjs.org/path-to-regexp/-/path-to-regexp-8.4.2.tgz. Extracting by manifest.
608 silly tarball no local data for ipaddr.js@https://registry.npmjs.org/ipaddr.js/-/ipaddr.js-1.9.1.tgz. Extracting by manifest.
609 silly tarball no local data for forwarded@https://registry.npmjs.org/forwarded/-/forwarded-0.2.0.tgz. Extracting by manifest.
610 silly tarball no local data for lru-cache@https://registry.npmjs.org/lru-cache/-/lru-cache-10.4.3.tgz. Extracting by manifest.
611 silly tarball no local data for ee-first@https://registry.npmjs.org/ee-first/-/ee-first-1.1.1.tgz. Extracting by manifest.
612 silly tarball no local data for balanced-match@https://registry.npmjs.org/balanced-match/-/balanced-match-4.0.4.tgz. Extracting by manifest.
613 silly tarball no local data for brace-expansion@https://registry.npmjs.org/brace-expansion/-/brace-expansion-5.0.5.tgz. Extracting by manifest.
614 silly tarball no local data for mime-db@https://registry.npmjs.org/mime-db/-/mime-db-1.54.0.tgz. Extracting by manifest.
615 silly tarball no local data for wrap-ansi-cjs@https://registry.npmjs.org/wrap-ansi/-/wrap-ansi-7.0.0.tgz. Extracting by manifest.
616 silly tarball no local data for wrap-ansi@https://registry.npmjs.org/wrap-ansi/-/wrap-ansi-8.1.0.tgz. Extracting by manifest.
617 silly tarball no local data for strip-ansi@https://registry.npmjs.org/strip-ansi/-/strip-ansi-7.2.0.tgz. Extracting by manifest.
618 silly tarball no local data for strip-ansi-cjs@https://registry.npmjs.org/strip-ansi/-/strip-ansi-6.0.1.tgz. Extracting by manifest.
619 silly tarball no local data for string-width-cjs@https://registry.npmjs.org/string-width/-/string-width-4.2.3.tgz. Extracting by manifest.
620 silly tarball no local data for @pkgjs/parseargs@https://registry.npmjs.org/@pkgjs/parseargs/-/parseargs-0.11.0.tgz. Extracting by manifest.
621 silly tarball no local data for @isaacs/cliui@https://registry.npmjs.org/@isaacs/cliui/-/cliui-8.0.2.tgz. Extracting by manifest.
622 silly tarball no local data for string-width@https://registry.npmjs.org/string-width/-/string-width-5.1.2.tgz. Extracting by manifest.
623 silly tarball no local data for safer-buffer@https://registry.npmjs.org/safer-buffer/-/safer-buffer-2.1.2.tgz. Extracting by manifest.
624 silly tarball no local data for toidentifier@https://registry.npmjs.org/toidentifier/-/toidentifier-1.0.1.tgz. Extracting by manifest.
625 silly tarball no local data for setprototypeof@https://registry.npmjs.org/setprototypeof/-/setprototypeof-1.2.0.tgz. Extracting by manifest.
626 silly tarball no local data for signal-exit@https://registry.npmjs.org/signal-exit/-/signal-exit-4.1.0.tgz. Extracting by manifest.
627 silly tarball no local data for inherits@https://registry.npmjs.org/inherits/-/inherits-2.0.4.tgz. Extracting by manifest.
628 silly tarball no local data for path-scurry@https://registry.npmjs.org/path-scurry/-/path-scurry-1.11.1.tgz. Extracting by manifest.
629 silly tarball no local data for package-json-from-dist@https://registry.npmjs.org/package-json-from-dist/-/package-json-from-dist-1.0.1.tgz. Extracting by manifest.
630 silly tarball no local data for minipass@https://registry.npmjs.org/minipass/-/minipass-7.1.3.tgz. Extracting by manifest.
631 silly tarball no local data for jackspeak@https://registry.npmjs.org/jackspeak/-/jackspeak-3.4.3.tgz. Extracting by manifest.
632 silly tarball no local data for foreground-child@https://registry.npmjs.org/foreground-child/-/foreground-child-3.3.1.tgz. Extracting by manifest.
633 silly tarball no local data for ip-address@https://registry.npmjs.org/ip-address/-/ip-address-10.1.0.tgz. Extracting by manifest.
634 silly tarball no local data for ms@https://registry.npmjs.org/ms/-/ms-2.1.3.tgz. Extracting by manifest.
635 silly tarball no local data for iconv-lite@https://registry.npmjs.org/iconv-lite/-/iconv-lite-0.7.2.tgz. Extracting by manifest.
636 silly tarball no local data for bytes@https://registry.npmjs.org/bytes/-/bytes-3.1.2.tgz. Extracting by manifest.
637 silly tarball no local data for negotiator@https://registry.npmjs.org/negotiator/-/negotiator-1.0.0.tgz. Extracting by manifest.
638 silly tarball no local data for type-is@https://registry.npmjs.org/type-is/-/type-is-2.0.1.tgz. Extracting by manifest.
639 silly tarball no local data for statuses@https://registry.npmjs.org/statuses/-/statuses-2.0.2.tgz. Extracting by manifest.
640 silly tarball no local data for serve-static@https://registry.npmjs.org/serve-static/-/serve-static-2.2.1.tgz. Extracting by manifest.
641 silly tarball no local data for send@https://registry.npmjs.org/send/-/send-1.2.1.tgz. Extracting by manifest.
642 silly tarball no local data for router@https://registry.npmjs.org/router/-/router-2.2.0.tgz. Extracting by manifest.
643 silly tarball no local data for proxy-addr@https://registry.npmjs.org/proxy-addr/-/proxy-addr-2.0.7.tgz. Extracting by manifest.
644 silly tarball no local data for qs@https://registry.npmjs.org/qs/-/qs-6.15.0.tgz. Extracting by manifest.
645 silly tarball no local data for parseurl@https://registry.npmjs.org/parseurl/-/parseurl-1.3.3.tgz. Extracting by manifest.
646 silly tarball no local data for on-finished@https://registry.npmjs.org/on-finished/-/on-finished-2.4.1.tgz. Extracting by manifest.
647 silly tarball no local data for mime-types@https://registry.npmjs.org/mime-types/-/mime-types-3.0.2.tgz. Extracting by manifest.
648 silly tarball no local data for range-parser@https://registry.npmjs.org/range-parser/-/range-parser-1.2.1.tgz. Extracting by manifest.
649 silly tarball no local data for merge-descriptors@https://registry.npmjs.org/merge-descriptors/-/merge-descriptors-2.0.0.tgz. Extracting by manifest.
650 silly tarball no local data for http-errors@https://registry.npmjs.org/http-errors/-/http-errors-2.0.1.tgz. Extracting by manifest.
651 silly tarball no local data for fresh@https://registry.npmjs.org/fresh/-/fresh-2.0.0.tgz. Extracting by manifest.
652 silly tarball no local data for etag@https://registry.npmjs.org/etag/-/etag-1.8.1.tgz. Extracting by manifest.
653 silly tarball no local data for escape-html@https://registry.npmjs.org/escape-html/-/escape-html-1.0.3.tgz. Extracting by manifest.
654 silly tarball no local data for encodeurl@https://registry.npmjs.org/encodeurl/-/encodeurl-2.0.0.tgz. Extracting by manifest.
655 silly tarball no local data for depd@https://registry.npmjs.org/depd/-/depd-2.0.0.tgz. Extracting by manifest.
656 silly tarball no local data for finalhandler@https://registry.npmjs.org/finalhandler/-/finalhandler-2.1.1.tgz. Extracting by manifest.
657 silly tarball no local data for debug@https://registry.npmjs.org/debug/-/debug-4.4.3.tgz. Extracting by manifest.
658 silly tarball no local data for cookie-signature@https://registry.npmjs.org/cookie-signature/-/cookie-signature-1.2.2.tgz. Extracting by manifest.
659 silly tarball no local data for cookie@https://registry.npmjs.org/cookie/-/cookie-0.7.2.tgz. Extracting by manifest.
660 silly tarball no local data for content-disposition@https://registry.npmjs.org/content-disposition/-/content-disposition-1.1.0.tgz. Extracting by manifest.
661 silly tarball no local data for body-parser@https://registry.npmjs.org/body-parser/-/body-parser-2.2.2.tgz. Extracting by manifest.
662 silly tarball no local data for accepts@https://registry.npmjs.org/accepts/-/accepts-2.0.0.tgz. Extracting by manifest.
663 silly tarball no local data for vary@https://registry.npmjs.org/vary/-/vary-1.1.2.tgz. Extracting by manifest.
664 silly tarball no local data for object-assign@https://registry.npmjs.org/object-assign/-/object-assign-4.1.1.tgz. Extracting by manifest.
665 silly tarball no local data for raw-body@https://registry.npmjs.org/raw-body/-/raw-body-3.0.2.tgz. Extracting by manifest.
666 silly tarball no local data for pkce-challenge@https://registry.npmjs.org/pkce-challenge/-/pkce-challenge-5.0.1.tgz. Extracting by manifest.
667 silly tarball no local data for json-schema-typed@https://registry.npmjs.org/json-schema-typed/-/json-schema-typed-8.0.2.tgz. Extracting by manifest.
668 silly tarball no local data for jose@https://registry.npmjs.org/jose/-/jose-6.2.2.tgz. Extracting by manifest.
669 silly tarball no local data for express-rate-limit@https://registry.npmjs.org/express-rate-limit/-/express-rate-limit-8.3.2.tgz. Extracting by manifest.
670 silly tarball no local data for express@https://registry.npmjs.org/express/-/express-5.2.1.tgz. Extracting by manifest.
671 silly tarball no local data for eventsource-parser@https://registry.npmjs.org/eventsource-parser/-/eventsource-parser-3.0.6.tgz. Extracting by manifest.
672 silly tarball no local data for eventsource@https://registry.npmjs.org/eventsource/-/eventsource-3.0.7.tgz. Extracting by manifest.
673 silly tarball no local data for cors@https://registry.npmjs.org/cors/-/cors-2.8.6.tgz. Extracting by manifest.
674 silly tarball no local data for content-type@https://registry.npmjs.org/content-type/-/content-type-1.0.5.tgz. Extracting by manifest.
675 silly tarball no local data for hono@https://registry.npmjs.org/hono/-/hono-4.12.12.tgz. Extracting by manifest.
676 silly tarball no local data for @hono/node-server@https://registry.npmjs.org/@hono/node-server/-/node-server-1.19.13.tgz. Extracting by manifest.
677 silly tarball no local data for zod@https://registry.npmjs.org/zod/-/zod-4.3.6.tgz. Extracting by manifest.
678 silly tarball no local data for zod-to-json-schema@https://registry.npmjs.org/zod-to-json-schema/-/zod-to-json-schema-3.25.2.tgz. Extracting by manifest.
679 silly tarball no local data for glob@https://registry.npmjs.org/glob/-/glob-10.5.0.tgz. Extracting by manifest.
680 silly tarball no local data for minimatch@https://registry.npmjs.org/minimatch/-/minimatch-10.2.5.tgz. Extracting by manifest.
681 silly tarball no local data for diff@https://registry.npmjs.org/diff/-/diff-5.2.2.tgz. Extracting by manifest.
682 silly tarball no local data for ansi-regex@https://registry.npmjs.org/ansi-regex/-/ansi-regex-5.0.1.tgz. Extracting by manifest.
683 silly tarball no local data for @modelcontextprotocol/sdk@https://registry.npmjs.org/@modelcontextprotocol/sdk/-/sdk-1.29.0.tgz. Extracting by manifest.
684 silly tarball no local data for @modelcontextprotocol/server-filesystem@https://registry.npmjs.org/@modelcontextprotocol/server-filesystem/-/server-filesystem-2026.1.14.tgz. Extracting by manifest.
685 silly tarball no local data for emoji-regex@https://registry.npmjs.org/emoji-regex/-/emoji-regex-8.0.0.tgz. Extracting by manifest.
686 silly tarball no local data for string-width@https://registry.npmjs.org/string-width/-/string-width-4.2.3.tgz. Extracting by manifest.
687 silly tarball no local data for ansi-regex@https://registry.npmjs.org/ansi-regex/-/ansi-regex-5.0.1.tgz. Extracting by manifest.
688 silly tarball no local data for strip-ansi@https://registry.npmjs.org/strip-ansi/-/strip-ansi-6.0.1.tgz. Extracting by manifest.
689 silly tarball no local data for strip-ansi@https://registry.npmjs.org/strip-ansi/-/strip-ansi-6.0.1.tgz. Extracting by manifest.
690 silly tarball no local data for ansi-styles@https://registry.npmjs.org/ansi-styles/-/ansi-styles-4.3.0.tgz. Extracting by manifest.
691 silly tarball no local data for balanced-match@https://registry.npmjs.org/balanced-match/-/balanced-match-1.0.2.tgz. Extracting by manifest.
692 silly tarball no local data for emoji-regex@https://registry.npmjs.org/emoji-regex/-/emoji-regex-8.0.0.tgz. Extracting by manifest.
693 silly tarball no local data for ansi-regex@https://registry.npmjs.org/ansi-regex/-/ansi-regex-5.0.1.tgz. Extracting by manifest.
694 silly tarball no local data for minimatch@https://registry.npmjs.org/minimatch/-/minimatch-9.0.9.tgz. Extracting by manifest.
695 silly tarball no local data for brace-expansion@https://registry.npmjs.org/brace-expansion/-/brace-expansion-2.0.3.tgz. Extracting by manifest.
696 http fetch POST 200 https://registry.npmjs.org/-/npm/v1/security/advisories/bulk 95ms
697 timing auditReport:getReport Completed in 96ms
698 silly audit report {}
699 timing auditReport:init Completed in 0ms
700 timing reify:audit Completed in 96ms
701 timing reifyNode:node_modules/wrappy Completed in 118ms
702 timing reifyNode:node_modules/shebang-command Completed in 117ms
703 timing reifyNode:node_modules/require-from-string Completed in 118ms
704 timing reifyNode:node_modules/once Completed in 119ms
705 http fetch GET 200 https://registry.npmjs.org/ansi-regex/-/ansi-regex-6.2.2.tgz 97ms (cache miss)
706 http fetch GET 200 https://registry.npmjs.org/color-name/-/color-name-1.1.4.tgz 99ms (cache miss)
707 timing reifyNode:node_modules/color-name Completed in 122ms
708 http fetch GET 200 https://registry.npmjs.org/is-fullwidth-code-point/-/is-fullwidth-code-point-3.0.0.tgz 99ms (cache miss)
709 http fetch GET 200 https://registry.npmjs.org/math-intrinsics/-/math-intrinsics-1.1.0.tgz 98ms (cache miss)
710 timing reifyNode:node_modules/shebang-regex Completed in 123ms
711 timing reifyNode:node_modules/path-key Completed in 122ms
712 http fetch GET 200 https://registry.npmjs.org/media-typer/-/media-typer-1.1.0.tgz 103ms (cache miss)
713 timing reifyNode:node_modules/ansi-regex Completed in 128ms
714 timing reifyNode:node_modules/media-typer Completed in 130ms
715 timing reifyNode:node_modules/is-fullwidth-code-point Completed in 133ms
716 timing reifyNode:node_modules/which Completed in 131ms
717 http fetch GET 200 https://registry.npmjs.org/ansi-styles/-/ansi-styles-6.2.3.tgz 114ms (cache miss)
718 http fetch GET 200 https://registry.npmjs.org/color-convert/-/color-convert-2.0.1.tgz 115ms (cache miss)
719 http fetch GET 200 https://registry.npmjs.org/eastasianwidth/-/eastasianwidth-0.2.0.tgz 114ms (cache miss)
720 timing reifyNode:node_modules/eastasianwidth Completed in 138ms
721 timing reifyNode:node_modules/ansi-styles Completed in 141ms
722 timing reifyNode:node_modules/color-convert Completed in 142ms
723 timing reifyNode:node_modules/isexe Completed in 145ms
724 timing reifyNode:node_modules/cross-spawn Completed in 149ms
725 timing reifyNode:node_modules/fast-deep-equal Completed in 161ms
726 http fetch GET 200 https://registry.npmjs.org/get-proto/-/get-proto-1.0.1.tgz 141ms (cache miss)
727 http fetch GET 200 https://registry.npmjs.org/hasown/-/hasown-2.0.2.tgz 143ms (cache miss)
728 timing reifyNode:node_modules/hasown Completed in 217ms
729 http fetch GET 200 https://registry.npmjs.org/side-channel-list/-/side-channel-list-1.0.0.tgz 193ms (cache miss)
730 timing reifyNode:node_modules/json-schema-traverse Completed in 219ms
731 http fetch GET 200 https://registry.npmjs.org/gopd/-/gopd-1.2.0.tgz 202ms (cache miss)
732 http fetch GET 200 https://registry.npmjs.org/path-to-regexp/-/path-to-regexp-8.4.2.tgz 203ms (cache miss)
733 timing reifyNode:node_modules/gopd Completed in 232ms
734 http fetch GET 200 https://registry.npmjs.org/forwarded/-/forwarded-0.2.0.tgz 210ms (cache miss)
735 http fetch GET 200 https://registry.npmjs.org/es-define-property/-/es-define-property-1.0.1.tgz 215ms (cache miss)
736 timing reifyNode:node_modules/ajv-formats Completed in 242ms
737 http fetch GET 200 https://registry.npmjs.org/dunder-proto/-/dunder-proto-1.0.1.tgz 221ms (cache miss)
738 http fetch GET 200 https://registry.npmjs.org/ee-first/-/ee-first-1.1.1.tgz 217ms (cache miss)
739 timing reifyNode:node_modules/ee-first Completed in 245ms
740 http fetch GET 200 https://registry.npmjs.org/strip-ansi/-/strip-ansi-7.2.0.tgz 218ms (cache miss)
741 http fetch GET 200 https://registry.npmjs.org/strip-ansi/-/strip-ansi-6.0.1.tgz 218ms (cache miss)
742 http fetch GET 200 https://registry.npmjs.org/wrap-ansi/-/wrap-ansi-8.1.0.tgz 218ms (cache miss)
743 timing reifyNode:node_modules/es-define-property Completed in 254ms
744 http fetch GET 200 https://registry.npmjs.org/emoji-regex/-/emoji-regex-9.2.2.tgz 230ms (cache miss)
745 http fetch GET 200 https://registry.npmjs.org/string-width/-/string-width-4.2.3.tgz 225ms (cache miss)
746 http fetch GET 200 https://registry.npmjs.org/is-promise/-/is-promise-4.0.0.tgz 229ms (cache miss)
747 http fetch GET 200 https://registry.npmjs.org/wrap-ansi/-/wrap-ansi-7.0.0.tgz 227ms (cache miss)
748 timing reifyNode:node_modules/wrap-ansi-cjs Completed in 255ms
749 http fetch GET 200 https://registry.npmjs.org/unpipe/-/unpipe-1.0.0.tgz 229ms (cache miss)
750 timing reifyNode:node_modules/dunder-proto Completed in 257ms
751 timing reifyNode:node_modules/forwarded Completed in 258ms
752 timing reifyNode:node_modules/string-width-cjs Completed in 260ms
753 timing reifyNode:node_modules/strip-ansi Completed in 261ms
754 timing reifyNode:node_modules/strip-ansi-cjs Completed in 261ms
755 timing reifyNode:node_modules/wrap-ansi Completed in 261ms
756 timing reifyNode:node_modules/unpipe Completed in 261ms
757 timing reifyNode:node_modules/emoji-regex Completed in 262ms
758 http fetch GET 200 https://registry.npmjs.org/has-symbols/-/has-symbols-1.1.0.tgz 237ms (cache miss)
759 http fetch GET 200 https://registry.npmjs.org/function-bind/-/function-bind-1.1.2.tgz 238ms (cache miss)
760 timing reifyNode:node_modules/has-symbols Completed in 269ms
761 timing reifyNode:node_modules/path-to-regexp Completed in 268ms
762 timing reifyNode:node_modules/is-promise Completed in 268ms
763 http fetch GET 200 https://registry.npmjs.org/setprototypeof/-/setprototypeof-1.2.0.tgz 239ms (cache miss)
764 timing reifyNode:node_modules/function-bind Completed in 271ms
765 http fetch GET 200 https://registry.npmjs.org/ipaddr.js/-/ipaddr.js-1.9.1.tgz 245ms (cache miss)
766 http fetch GET 200 https://registry.npmjs.org/safer-buffer/-/safer-buffer-2.1.2.tgz 243ms (cache miss)
767 http fetch GET 200 https://registry.npmjs.org/side-channel-map/-/side-channel-map-1.0.1.tgz 248ms (cache miss)
768 http fetch GET 200 https://registry.npmjs.org/call-bound/-/call-bound-1.0.4.tgz 254ms (cache miss)
769 timing reifyNode:node_modules/ipaddr.js Completed in 279ms
770 http fetch GET 200 https://registry.npmjs.org/toidentifier/-/toidentifier-1.0.1.tgz 254ms (cache miss)
771 timing reifyNode:node_modules/side-channel-map Completed in 284ms
772 timing reifyNode:node_modules/setprototypeof Completed in 288ms
773 timing reifyNode:node_modules/call-bound Completed in 290ms
774 http fetch GET 200 https://registry.npmjs.org/get-intrinsic/-/get-intrinsic-1.3.0.tgz 265ms (cache miss)
775 http fetch GET 200 https://registry.npmjs.org/ms/-/ms-2.1.3.tgz 259ms (cache miss)
776 http fetch GET 200 https://registry.npmjs.org/side-channel-weakmap/-/side-channel-weakmap-1.0.2.tgz 267ms (cache miss)
777 http fetch GET 200 https://registry.npmjs.org/inherits/-/inherits-2.0.4.tgz 261ms (cache miss)
778 http fetch GET 200 https://registry.npmjs.org/string-width/-/string-width-5.1.2.tgz 263ms (cache miss)
779 timing reifyNode:node_modules/ms Completed in 295ms
780 http fetch GET 200 https://registry.npmjs.org/package-json-from-dist/-/package-json-from-dist-1.0.1.tgz 265ms (cache miss)
781 timing reifyNode:node_modules/get-intrinsic Completed in 296ms
782 timing reifyNode:node_modules/toidentifier Completed in 297ms
783 timing reifyNode:node_modules/side-channel-weakmap Completed in 298ms
784 timing reifyNode:node_modules/string-width Completed in 300ms
785 timing reifyNode:node_modules/inherits Completed in 300ms
786 http fetch GET 200 https://registry.npmjs.org/bytes/-/bytes-3.1.2.tgz 273ms (cache miss)
787 timing reifyNode:node_modules/side-channel-list Completed in 307ms
788 timing reifyNode:node_modules/safer-buffer Completed in 308ms
789 timing reifyNode:node_modules/bytes Completed in 308ms
790 http fetch GET 200 https://registry.npmjs.org/negotiator/-/negotiator-1.0.0.tgz 281ms (cache miss)
791 timing reifyNode:node_modules/get-proto Completed in 314ms
792 http fetch GET 200 https://registry.npmjs.org/es-object-atoms/-/es-object-atoms-1.1.1.tgz 290ms (cache miss)
793 http fetch GET 200 https://registry.npmjs.org/proxy-addr/-/proxy-addr-2.0.7.tgz 283ms (cache miss)
794 http fetch GET 200 https://registry.npmjs.org/side-channel/-/side-channel-1.1.0.tgz 289ms (cache miss)
795 http fetch GET 200 https://registry.npmjs.org/mime-db/-/mime-db-1.54.0.tgz 288ms (cache miss)
796 timing reifyNode:node_modules/mime-db Completed in 316ms
797 timing reifyNode:node_modules/es-object-atoms Completed in 322ms
798 timing reifyNode:node_modules/side-channel Completed in 321ms
799 http fetch GET 200 https://registry.npmjs.org/send/-/send-1.2.1.tgz 289ms (cache miss)
800 timing reifyNode:node_modules/send Completed in 324ms
801 http fetch GET 200 https://registry.npmjs.org/parseurl/-/parseurl-1.3.3.tgz 293ms (cache miss)
802 http fetch GET 200 https://registry.npmjs.org/serve-static/-/serve-static-2.2.1.tgz 295ms (cache miss)
803 timing reifyNode:node_modules/serve-static Completed in 328ms
804 timing reifyNode:node_modules/proxy-addr Completed in 328ms
805 timing reifyNode:node_modules/parseurl Completed in 330ms
806 http fetch GET 200 https://registry.npmjs.org/mime-types/-/mime-types-3.0.2.tgz 296ms (cache miss)
807 http fetch GET 200 https://registry.npmjs.org/balanced-match/-/balanced-match-4.0.4.tgz 304ms (cache miss)
808 http fetch GET 200 https://registry.npmjs.org/@isaacs/cliui/-/cliui-8.0.2.tgz 306ms (cache miss)
809 http fetch GET 200 https://registry.npmjs.org/call-bind-apply-helpers/-/call-bind-apply-helpers-1.0.2.tgz 311ms (cache miss)
810 http fetch GET 200 https://registry.npmjs.org/type-is/-/type-is-2.0.1.tgz 305ms (cache miss)
811 http fetch GET 200 https://registry.npmjs.org/brace-expansion/-/brace-expansion-5.0.5.tgz 310ms (cache miss)
812 timing reifyNode:node_modules/balanced-match Completed in 339ms
813 timing reifyNode:node_modules/@isaacs/cliui Completed in 340ms
814 timing reifyNode:node_modules/call-bind-apply-helpers Completed in 341ms
815 timing reifyNode:node_modules/type-is Completed in 342ms
816 timing reifyNode:node_modules/brace-expansion Completed in 342ms
817 http fetch GET 200 https://registry.npmjs.org/range-parser/-/range-parser-1.2.1.tgz 308ms (cache miss)
818 timing reifyNode:node_modules/mime-types Completed in 344ms
819 http fetch GET 200 https://registry.npmjs.org/escape-html/-/escape-html-1.0.3.tgz 314ms (cache miss)
820 timing reifyNode:node_modules/escape-html Completed in 349ms
821 http fetch GET 200 https://registry.npmjs.org/on-finished/-/on-finished-2.4.1.tgz 317ms (cache miss)
822 http fetch GET 200 https://registry.npmjs.org/http-errors/-/http-errors-2.0.1.tgz 317ms (cache miss)
823 timing reifyNode:node_modules/range-parser Completed in 352ms
824 http fetch GET 200 https://registry.npmjs.org/router/-/router-2.2.0.tgz 320ms (cache miss)
825 timing reifyNode:node_modules/negotiator Completed in 353ms
826 timing reifyNode:node_modules/router Completed in 357ms
827 timing reifyNode:node_modules/http-errors Completed in 359ms
828 http fetch GET 200 https://registry.npmjs.org/debug/-/debug-4.4.3.tgz 324ms (cache miss)
829 http fetch GET 200 https://registry.npmjs.org/merge-descriptors/-/merge-descriptors-2.0.0.tgz 325ms (cache miss)
830 http fetch GET 200 https://registry.npmjs.org/cookie-signature/-/cookie-signature-1.2.2.tgz 328ms (cache miss)
831 timing reifyNode:node_modules/on-finished Completed in 364ms
832 timing reifyNode:node_modules/package-json-from-dist Completed in 368ms
833 timing reifyNode:node_modules/merge-descriptors Completed in 369ms
834 http fetch GET 200 https://registry.npmjs.org/es-errors/-/es-errors-1.3.0.tgz 344ms (cache miss)
835 http fetch GET 200 https://registry.npmjs.org/@pkgjs/parseargs/-/parseargs-0.11.0.tgz 341ms (cache miss)
836 timing reifyNode:node_modules/@pkgjs/parseargs Completed in 370ms
837 http fetch GET 200 https://registry.npmjs.org/statuses/-/statuses-2.0.2.tgz 338ms (cache miss)
838 http fetch GET 200 https://registry.npmjs.org/depd/-/depd-2.0.0.tgz 336ms (cache miss)
839 timing reifyNode:node_modules/cookie-signature Completed in 373ms
840 http fetch GET 200 https://registry.npmjs.org/fresh/-/fresh-2.0.0.tgz 339ms (cache miss)
841 timing reifyNode:node_modules/es-errors Completed in 374ms
842 timing reifyNode:node_modules/statuses Completed in 376ms
843 http fetch GET 200 https://registry.npmjs.org/encodeurl/-/encodeurl-2.0.0.tgz 341ms (cache miss)
844 http fetch GET 200 https://registry.npmjs.org/finalhandler/-/finalhandler-2.1.1.tgz 340ms (cache miss)
845 timing reifyNode:node_modules/encodeurl Completed in 377ms
846 timing reifyNode:node_modules/depd Completed in 377ms
847 timing reifyNode:node_modules/fresh Completed in 377ms
848 timing reifyNode:node_modules/finalhandler Completed in 380ms
849 http fetch GET 200 https://registry.npmjs.org/body-parser/-/body-parser-2.2.2.tgz 344ms (cache miss)
850 http fetch GET 200 https://registry.npmjs.org/cookie/-/cookie-0.7.2.tgz 347ms (cache miss)
851 timing reifyNode:node_modules/debug Completed in 383ms
852 http fetch GET 200 https://registry.npmjs.org/etag/-/etag-1.8.1.tgz 350ms (cache miss)
853 timing reifyNode:node_modules/etag Completed in 388ms
854 http fetch GET 200 https://registry.npmjs.org/vary/-/vary-1.1.2.tgz 352ms (cache miss)
855 http fetch GET 200 https://registry.npmjs.org/raw-body/-/raw-body-3.0.2.tgz 348ms (cache miss)
856 timing reifyNode:node_modules/cookie Completed in 388ms
857 timing reifyNode:node_modules/raw-body Completed in 393ms
858 http fetch GET 200 https://registry.npmjs.org/content-disposition/-/content-disposition-1.1.0.tgz 358ms (cache miss)
859 http fetch GET 200 https://registry.npmjs.org/minipass/-/minipass-7.1.3.tgz 365ms (cache miss)
860 timing reifyNode:node_modules/content-disposition Completed in 397ms
861 timing reifyNode:node_modules/vary Completed in 397ms
862 timing reifyNode:node_modules/fast-uri Completed in 397ms
863 timing reifyNode:node_modules/minipass Completed in 401ms
864 http fetch GET 200 https://registry.npmjs.org/object-assign/-/object-assign-4.1.1.tgz 368ms (cache miss)
865 timing reifyNode:node_modules/object-assign Completed in 408ms
866 timing reifyNode:node_modules/math-intrinsics Completed in 414ms
867 http fetch GET 200 https://registry.npmjs.org/content-type/-/content-type-1.0.5.tgz 374ms (cache miss)
868 http fetch GET 200 https://registry.npmjs.org/accepts/-/accepts-2.0.0.tgz 381ms (cache miss)
869 timing reifyNode:node_modules/body-parser Completed in 422ms
870 http fetch GET 200 https://registry.npmjs.org/cors/-/cors-2.8.6.tgz 380ms (cache miss)
871 timing reifyNode:node_modules/content-type Completed in 425ms
872 timing reifyNode:node_modules/accepts Completed in 426ms
873 timing reifyNode:node_modules/cors Completed in 428ms
874 http fetch GET 200 https://registry.npmjs.org/path-scurry/-/path-scurry-1.11.1.tgz 411ms (cache miss)
875 timing reifyNode:node_modules/path-scurry Completed in 442ms
876 http fetch GET 200 https://registry.npmjs.org/lru-cache/-/lru-cache-10.4.3.tgz 417ms (cache miss)
877 timing reifyNode:node_modules/lru-cache Completed in 447ms
878 http fetch GET 200 https://registry.npmjs.org/pkce-challenge/-/pkce-challenge-5.0.1.tgz 409ms (cache miss)
879 timing reifyNode:node_modules/pkce-challenge Completed in 459ms
880 http fetch GET 200 https://registry.npmjs.org/express/-/express-5.2.1.tgz 425ms (cache miss)
881 http fetch GET 200 https://registry.npmjs.org/strip-ansi/-/strip-ansi-6.0.1.tgz 422ms (cache miss)
882 timing reifyNode:node_modules/express Completed in 471ms
883 http fetch GET 200 https://registry.npmjs.org/object-inspect/-/object-inspect-1.13.4.tgz 446ms (cache miss)
884 timing reifyNode:node_modules/object-inspect Completed in 473ms
885 http fetch GET 200 https://registry.npmjs.org/signal-exit/-/signal-exit-4.1.0.tgz 443ms (cache miss)
886 http fetch GET 200 https://registry.npmjs.org/jackspeak/-/jackspeak-3.4.3.tgz 444ms (cache miss)
887 http fetch GET 200 https://registry.npmjs.org/express-rate-limit/-/express-rate-limit-8.3.2.tgz 433ms (cache miss)
888 timing reifyNode:node_modules/signal-exit Completed in 476ms
889 timing reifyNode:node_modules/wrap-ansi-cjs/node_modules/strip-ansi Completed in 476ms
890 http fetch GET 200 https://registry.npmjs.org/string-width/-/string-width-4.2.3.tgz 432ms (cache miss)
891 timing reifyNode:node_modules/express-rate-limit Completed in 479ms
892 timing reifyNode:node_modules/jackspeak Completed in 481ms
893 http fetch GET 200 https://registry.npmjs.org/json-schema-typed/-/json-schema-typed-8.0.2.tgz 440ms (cache miss)
894 timing reifyNode:node_modules/json-schema-typed Completed in 481ms
895 http fetch GET 200 https://registry.npmjs.org/ansi-regex/-/ansi-regex-5.0.1.tgz 438ms (cache miss)
896 http fetch GET 200 https://registry.npmjs.org/ansi-regex/-/ansi-regex-5.0.1.tgz 441ms (cache miss)
897 timing reifyNode:node_modules/wrap-ansi-cjs/node_modules/string-width Completed in 486ms
898 http fetch GET 200 https://registry.npmjs.org/ansi-styles/-/ansi-styles-4.3.0.tgz 442ms (cache miss)
899 http fetch GET 200 https://registry.npmjs.org/balanced-match/-/balanced-match-1.0.2.tgz 442ms (cache miss)
900 timing reifyNode:node_modules/wrap-ansi-cjs/node_modules/ansi-regex Completed in 488ms
901 timing reifyNode:node_modules/strip-ansi-cjs/node_modules/ansi-regex Completed in 489ms
902 timing reifyNode:node_modules/wrap-ansi-cjs/node_modules/ansi-styles Completed in 491ms
903 http fetch GET 200 https://registry.npmjs.org/ansi-regex/-/ansi-regex-5.0.1.tgz 447ms (cache miss)
904 timing reifyNode:node_modules/glob/node_modules/balanced-match Completed in 492ms
905 http fetch GET 200 https://registry.npmjs.org/qs/-/qs-6.15.0.tgz 460ms (cache miss)
906 timing reifyNode:node_modules/qs Completed in 496ms
907 http fetch GET 200 https://registry.npmjs.org/emoji-regex/-/emoji-regex-8.0.0.tgz 452ms (cache miss)
908 timing reifyNode:node_modules/string-width-cjs/node_modules/ansi-regex Completed in 498ms
909 timing reifyNode:node_modules/wrap-ansi-cjs/node_modules/emoji-regex Completed in 498ms
910 http fetch GET 200 https://registry.npmjs.org/iconv-lite/-/iconv-lite-0.7.2.tgz 467ms (cache miss)
911 http fetch GET 200 https://registry.npmjs.org/@modelcontextprotocol/server-filesystem/-/server-filesystem-2026.1.14.tgz 454ms (cache miss)
912 timing reifyNode:node_modules/iconv-lite Completed in 500ms
913 timing reifyNode:node_modules/@modelcontextprotocol/server-filesystem Completed in 499ms
914 http fetch GET 200 https://registry.npmjs.org/eventsource/-/eventsource-3.0.7.tgz 459ms (cache miss)
915 timing reifyNode:node_modules/eventsource Completed in 502ms
916 http fetch GET 200 https://registry.npmjs.org/foreground-child/-/foreground-child-3.3.1.tgz 473ms (cache miss)
917 http fetch GET 200 https://registry.npmjs.org/emoji-regex/-/emoji-regex-8.0.0.tgz 459ms (cache miss)
918 timing reifyNode:node_modules/foreground-child Completed in 505ms
919 timing reifyNode:node_modules/string-width-cjs/node_modules/emoji-regex Completed in 506ms
920 http fetch GET 200 https://registry.npmjs.org/strip-ansi/-/strip-ansi-6.0.1.tgz 464ms (cache miss)
921 http fetch GET 200 https://registry.npmjs.org/eventsource-parser/-/eventsource-parser-3.0.6.tgz 469ms (cache miss)
922 timing reifyNode:node_modules/string-width-cjs/node_modules/strip-ansi Completed in 512ms
923 timing reifyNode:node_modules/eventsource-parser Completed in 511ms
924 http fetch GET 200 https://registry.npmjs.org/ip-address/-/ip-address-10.1.0.tgz 725ms (cache miss)
925 timing reifyNode:node_modules/ip-address Completed in 759ms
926 http fetch GET 200 https://registry.npmjs.org/brace-expansion/-/brace-expansion-2.0.3.tgz 713ms (cache miss)
927 timing reifyNode:node_modules/glob/node_modules/brace-expansion Completed in 760ms
928 http fetch GET 200 https://registry.npmjs.org/diff/-/diff-5.2.2.tgz 742ms (cache miss)
929 timing reifyNode:node_modules/diff Completed in 787ms
930 http fetch GET 200 https://registry.npmjs.org/@hono/node-server/-/node-server-1.19.13.tgz 767ms (cache miss)
931 timing reifyNode:node_modules/@hono/node-server Completed in 811ms
932 http fetch GET 200 https://registry.npmjs.org/minimatch/-/minimatch-10.2.5.tgz 787ms (cache miss)
933 timing reifyNode:node_modules/minimatch Completed in 832ms
934 http fetch GET 200 https://registry.npmjs.org/glob/-/glob-10.5.0.tgz 798ms (cache miss)
935 warn deprecated glob@10.5.0: Old versions of glob are not supported, and contain widely publicized security vulnerabilities, which have been fixed in the current version. Please update. Support for old versions may be purchased (at exorbitant rates) by contacting i@izs.me
936 timing reifyNode:node_modules/glob Completed in 842ms
937 http fetch GET 200 https://registry.npmjs.org/minimatch/-/minimatch-9.0.9.tgz 802ms (cache miss)
938 timing reifyNode:node_modules/glob/node_modules/minimatch Completed in 849ms
939 http fetch GET 200 https://registry.npmjs.org/jose/-/jose-6.2.2.tgz 841ms (cache miss)
940 timing reifyNode:node_modules/jose Completed in 883ms
941 http fetch GET 200 https://registry.npmjs.org/zod-to-json-schema/-/zod-to-json-schema-3.25.2.tgz 857ms (cache miss)
942 timing reifyNode:node_modules/zod-to-json-schema Completed in 901ms
943 timing reifyNode:node_modules/ajv Completed in 1158ms
944 http fetch GET 200 https://registry.npmjs.org/hono/-/hono-4.12.12.tgz 1318ms (cache miss)
945 timing reifyNode:node_modules/hono Completed in 1360ms
946 http fetch GET 200 https://registry.npmjs.org/zod/-/zod-4.3.6.tgz 1359ms (cache miss)
947 timing reifyNode:node_modules/zod Completed in 1402ms
948 http fetch GET 200 https://registry.npmjs.org/@modelcontextprotocol/sdk/-/sdk-1.29.0.tgz 1366ms (cache miss)
949 timing reifyNode:node_modules/@modelcontextprotocol/sdk Completed in 1409ms
950 timing reify:unpack Completed in 1411ms
951 timing reify:unretire Completed in 0ms
952 timing build:queue Completed in 3ms
953 timing build:link:node_modules/@modelcontextprotocol/server-filesystem Completed in 4ms
954 timing build:link:node_modules/glob Completed in 4ms
955 timing build:link:node_modules/which Completed in 4ms
956 timing build:link Completed in 5ms
957 timing build:deps Completed in 8ms
958 timing build Completed in 8ms
959 timing reify:build Completed in 9ms
960 timing reify:trash Completed in 0ms
961 timing reify:save Completed in 29ms
962 timing reify Completed in 6091ms
963 timing command:exec Completed in 7073ms
964 verbose exit 1
965 timing npm Completed in 7552ms
966 verbose code 1
