2026-04-04 15:20:07.785	event=asset_job_start repo_root=D:\dev\tcg-watcher-worktree
2026-04-04 15:20:07.794	pointer_file=D:\dev\tcg-watcher-worktree\data\overlays\asset_job_pointer.txt
2026-04-04 15:20:07.795	tools_root=D:\dev\tcg-watcher-worktree\tools
2026-04-04 15:20:07.796	log_path=D:\dev\tcg-watcher-worktree\logs\asset_job.log
2026-04-04 15:20:07.829	validation_outcome=OK
2026-04-04 15:20:07.829	target_job_path=D:\dev\tcg-watcher-worktree\tools\fetch_chapter19_11c_install_images.py
2026-04-04 15:20:07.834	python_executable=C:\Python314\python.exe
2026-04-04 15:20:07.835	working_directory=D:\dev\tcg-watcher-worktree
2026-04-04 15:20:07.836	execution_start
2026-04-04 15:20:11.547	PYTHON_OUTPUT Fetching official cardlist HTML...
2026-04-04 15:20:11.548	PYTHON_OUTPUT Chapter 19.11C ù DOM-driven official image resolution + surgical fetch
2026-04-04 15:20:11.550	PYTHON_OUTPUT Input: D:\dev\tcg-watcher-worktree\data\overlays\chapter19_11_install_plan.csv
2026-04-04 15:20:11.552	PYTHON_OUTPUT Official cardlist: https://en.onepiece-cardgame.com/cardlist/
2026-04-04 15:20:11.553	PYTHON_OUTPUT Rows processed: 16
2026-04-04 15:20:11.554	PYTHON_OUTPUT PNG files present after (report): 16
2026-04-04 15:20:11.555	PYTHON_OUTPUT WebP files present after (report): 16
2026-04-04 15:20:11.557	PYTHON_OUTPUT PNG newly fetched (this run): 0
2026-04-04 15:20:11.558	PYTHON_OUTPUT WebP newly generated (this run): 0
2026-04-04 15:20:11.559	PYTHON_OUTPUT Failures (resolution or fetch): 0
2026-04-04 15:20:11.560	PYTHON_OUTPUT Manifest: D:\dev\tcg-watcher-worktree\data\overlays\chapter19_11c_install_panel_image_manifest.json
2026-04-04 15:20:11.561	PYTHON_OUTPUT Report: D:\dev\tcg-watcher-worktree\data\overlays\chapter19_11c_image_resolution_and_fetch_report.csv
2026-04-04 15:20:11.563	PYTHON_OUTPUT Database writes: none
2026-04-04 15:20:11.569	execution_end
2026-04-04 15:20:11.571	exit_code=0
ASSET_JOB_SUCCESS
