=== TCGCSV FETCH RUN 2026-04-01T19:41:16.484972+00:00 ===
ERROR |  |  |  | run failed: <urlopen error [WinError 10051] A socket operation was attempted to an unreachable network>
Total products processed: 0
Matched: 0
Unmatched: 0
Ambiguous: 0
Skipped: 0
Errors: 1
=== TCGCSV LOCAL FILE RUN 2026-04-01T19:59:14.882636+00:00 ===
SKIP |  |  | 450085 | Romance Dawn - Booster Pack [reason=no_card_code]
SKIP |  |  | 450086 | Romance Dawn - Booster Box (Wave 1 - Blue) [reason=no_card_code]
SKIP |  |  | 450087 | Romance Dawn - Booster Box Case (Wave 2 - White) [reason=no_card_code]
AMBIGUOUS | OP01-002 | base | 453505 | Trafalgar Law (002) [variant_ids=710,711]
UNMATCHED | OP01-003 | parallel | 453506 | Monkey.D.Luffy (003) (Parallel) [reason=no_parallel_found]
UNMATCHED | OP01-008 | promo | 453507 | Cavendish (Box Topper)
AMBIGUOUS | OP01-024 | base | 453508 | Monkey.D.Luffy (024) [variant_ids=827,828]
UNMATCHED | OP01-024 | parallel | 453509 | Monkey.D.Luffy (024) (Parallel) [reason=no_parallel_found]
AMBIGUOUS | OP01-025 | base | 453510 | Roronoa Zoro (025) [variant_ids=834,835]
MATCHED | OP01-025 | parallel_3 | 453511 | Roronoa Zoro (025) (Parallel)
AMBIGUOUS | OP01-030 | base | 453512 | In Two Years!! At the Sabaody Archipelago!! [variant_ids=857,858]
UNMATCHED | OP01-034 | promo | 453513 | Inuarashi (Box Topper)
AMBIGUOUS | OP01-040 | base | 453514 | Kin'emon [variant_ids=901,902]
UNMATCHED | OP01-047 | parallel | 453515 | Trafalgar Law (047) (Parallel) [reason=no_parallel_found]
UNMATCHED | OP01-048 | promo | 453516 | Nekomamushi (Box Topper)
AMBIGUOUS | OP01-061 | base | 453517 | Kaido (061) [variant_ids=984,985]
UNMATCHED | OP01-064 | promo | 453518 | Alvida (Box Topper)
AMBIGUOUS | OP01-067 | base | 453519 | Crocodile (067) [variant_ids=1002,1003]
UNMATCHED | OP01-077 | promo | 453520 | Perona (Box Topper)
AMBIGUOUS | OP01-094 | base | 453521 | Kaido (094) [variant_ids=1088,1089]
UNMATCHED | OP01-109 | promo | 453522 | Who's.Who (Box Topper)
AMBIGUOUS | OP01-001 | base | 454512 | Roronoa Zoro (001) [variant_ids=704,705]
MATCHED | OP01-001 | parallel_2 | 454513 | Roronoa Zoro (001) (Parallel)
UNMATCHED | OP01-002 | parallel | 454514 | Trafalgar Law (002) (Parallel) [reason=no_parallel_found]
AMBIGUOUS | OP01-003 | base | 454515 | Monkey.D.Luffy (003) [variant_ids=714,715]
AMBIGUOUS | OP01-004 | base | 454516 | Usopp [variant_ids=718,719]
AMBIGUOUS | OP01-005 | base | 454517 | Uta [variant_ids=723,724]
AMBIGUOUS | OP01-006 | base | 454518 | Otama [variant_ids=731,732]
AMBIGUOUS | OP01-007 | base | 454519 | Caribou [variant_ids=742,743]
AMBIGUOUS | OP01-008 | base | 454520 | Cavendish [variant_ids=744,745]
AMBIGUOUS | OP01-009 | base | 454522 | Carrot [variant_ids=748,749]
AMBIGUOUS | OP01-010 | base | 454525 | Komachiyo [variant_ids=750,751]
AMBIGUOUS | OP01-011 | base | 454526 | Gordon [variant_ids=752,753]
AMBIGUOUS | OP01-012 | base | 454527 | Sai [variant_ids=754,755]
AMBIGUOUS | OP01-013 | base | 454529 | Sanji [variant_ids=756,757]
MATCHED | OP01-013 | parallel_2 | 454530 | Sanji (Parallel)
AMBIGUOUS | OP01-014 | base | 454532 | Jinbe (014) [variant_ids=768,769]
AMBIGUOUS | OP01-015 | base | 454533 | Tony Tony.Chopper [variant_ids=773,774]
AMBIGUOUS | OP01-016 | base | 454534 | Nami [variant_ids=777,778]
MATCHED | OP01-016 | parallel_2 | 454536 | Nami (Parallel)
AMBIGUOUS | OP01-017 | base | 454538 | Nico Robin [variant_ids=796,797]
AMBIGUOUS | OP01-018 | base | 454540 | Hajrudin [variant_ids=805,806]
AMBIGUOUS | OP01-019 | base | 454542 | Bartolomeo [variant_ids=807,808]
AMBIGUOUS | OP01-020 | base | 454543 | Hyogoro [variant_ids=809,810]
AMBIGUOUS | OP01-021 | base | 454544 | Franky [variant_ids=811,812]
AMBIGUOUS | OP01-022 | base | 454545 | Brook [variant_ids=821,822]
AMBIGUOUS | OP01-023 | base | 454546 | Marco [variant_ids=825,826]
AMBIGUOUS | OP01-026 | base | 454547 | Gum-Gum Fire-Fist Pistol Red Hawk [variant_ids=844,845]
AMBIGUOUS | OP01-027 | base | 454548 | Round Table [variant_ids=846,847]
AMBIGUOUS | OP01-028 | base | 454549 | Green Star Rafflesia [variant_ids=848,849]
AMBIGUOUS | OP01-029 | base | 454550 | Radical Beam!! [variant_ids=850,851]
AMBIGUOUS | OP01-031 | base | 454551 | Kouzuki Oden [variant_ids=861,862]
UNMATCHED | OP01-031 | parallel | 454552 | Kouzuki Oden (Parallel) [reason=no_parallel_found]
AMBIGUOUS | OP01-032 | base | 454553 | Ashura Doji [variant_ids=865,866]
AMBIGUOUS | OP01-033 | base | 454554 | Izo [variant_ids=867,868]
AMBIGUOUS | OP01-034 | base | 454555 | Inuarashi [variant_ids=878,879]
AMBIGUOUS | OP01-035 | base | 454556 | Okiku [variant_ids=882,883]
AMBIGUOUS | OP01-036 | base | 454558 | Otsuru [variant_ids=890,891]
AMBIGUOUS | OP01-037 | base | 454560 | Kawamatsu [variant_ids=892,893]
AMBIGUOUS | OP01-038 | base | 454562 | Kanjuro [variant_ids=894,895]
AMBIGUOUS | OP01-039 | base | 454563 | Killer [variant_ids=896,897]
UNMATCHED | OP01-040 | parallel | 454564 | Kin'emon (Parallel) [reason=no_parallel_found]
AMBIGUOUS | OP01-041 | base | 454565 | Kouzuki Momonosuke [variant_ids=905,906]
AMBIGUOUS | OP01-042 | base | 454566 | Komurasaki [variant_ids=915,916]
AMBIGUOUS | OP01-043 | base | 454567 | Shinobu [variant_ids=917,918]
AMBIGUOUS | OP01-044 | base | 454568 | Shachi [variant_ids=919,920]
AMBIGUOUS | OP01-045 | base | 454569 | Jean Bart [variant_ids=921,922]
AMBIGUOUS | OP01-046 | base | 454570 | Denjiro [variant_ids=923,924]
AMBIGUOUS | OP01-047 | base | 454571 | Trafalgar Law (047) [variant_ids=925,926]
AMBIGUOUS | OP01-048 | base | 454572 | Nekomamushi [variant_ids=934,935]
AMBIGUOUS | OP01-049 | base | 454573 | Bepo [variant_ids=938,939]
AMBIGUOUS | OP01-050 | base | 454574 | Penguin [variant_ids=940,941]
AMBIGUOUS | OP01-051 | base | 454575 | Eustass"Captain"Kid [variant_ids=942,943]
UNMATCHED | OP01-051 | parallel | 454576 | Eustass"Captain"Kid (Parallel) [reason=no_parallel_found]
AMBIGUOUS | OP01-052 | base | 454577 | Raizo [variant_ids=951,952]
AMBIGUOUS | OP01-053 | base | 454578 | Wire [variant_ids=960,961]
AMBIGUOUS | OP01-054 | base | 454579 | X.Drake (054) [variant_ids=962,963]
AMBIGUOUS | OP01-055 | base | 454580 | You Can Be My Samurai!! [variant_ids=964,965]
AMBIGUOUS | OP01-056 | base | 454581 | Demon Face [variant_ids=968,969]
AMBIGUOUS | OP01-057 | base | 454582 | Paradise Waterfall [variant_ids=970,971]
AMBIGUOUS | OP01-058 | base | 454583 | Punk Gibson [variant_ids=974,975]
AMBIGUOUS | OP01-059 | base | 454584 | BE-BENG!! [variant_ids=976,977]
AMBIGUOUS | OP01-060 | base | 454585 | Donquixote Doflamingo (060) [variant_ids=978,979]
UNMATCHED | OP01-060 | parallel | 454586 | Donquixote Doflamingo (060) (Parallel) [reason=no_parallel_found]
UNMATCHED | OP01-061 | parallel | 454587 | Kaido (061) (Parallel) [reason=no_parallel_found]
AMBIGUOUS | OP01-062 | base | 454588 | Crocodile (062) [variant_ids=988,989]
UNMATCHED | OP01-062 | parallel | 454589 | Crocodile (062) (Parallel) [reason=no_parallel_found]
AMBIGUOUS | OP01-063 | base | 454590 | Arlong [variant_ids=992,993]
AMBIGUOUS | OP01-064 | base | 454591 | Alvida [variant_ids=994,995]
AMBIGUOUS | OP01-065 | base | 454592 | Vergo [variant_ids=998,999]
AMBIGUOUS | OP01-066 | base | 454593 | Krieg [variant_ids=1000,1001]
UNMATCHED | OP01-067 | parallel | 454594 | Crocodile (067) (Parallel) [reason=no_parallel_found]
AMBIGUOUS | OP01-068 | base | 454596 | Gecko Moria [variant_ids=1006,1007]
AMBIGUOUS | OP01-069 | base | 454597 | Caesar Clown [variant_ids=1008,1009]
AMBIGUOUS | OP01-070 | base | 454598 | Dracule Mihawk [variant_ids=1010,1011]
UNMATCHED | OP01-070 | parallel | 454599 | Dracule Mihawk (Parallel) [reason=no_parallel_found]
AMBIGUOUS | OP01-071 | base | 454600 | Jinbe (071) [variant_ids=1019,1020]
AMBIGUOUS | OP01-072 | base | 454601 | Smiley [variant_ids=1021,1022]
AMBIGUOUS | OP01-073 | base | 454602 | Donquixote Doflamingo (073) [variant_ids=1023,1024]
UNMATCHED | OP01-073 | parallel | 454603 | Donquixote Doflamingo (073) (Parallel) [reason=no_parallel_found]
AMBIGUOUS | OP01-074 | base | 454604 | Bartholomew Kuma [variant_ids=1030,1031]
AMBIGUOUS | OP01-075 | base | 454605 | Pacifista [variant_ids=1032,1033]
AMBIGUOUS | OP01-076 | base | 454606 | Bellamy [variant_ids=1034,1035]
AMBIGUOUS | OP01-077 | base | 454607 | Perona [variant_ids=1036,1037]
AMBIGUOUS | OP01-078 | base | 454608 | Boa Hancock [variant_ids=1042,1043]
UNMATCHED | OP01-078 | parallel | 454609 | Boa Hancock (Parallel) [reason=no_parallel_found]
AMBIGUOUS | OP01-079 | base | 454610 | Ms. All Sunday [variant_ids=1051,1052]
AMBIGUOUS | OP01-080 | base | 454611 | Miss Doublefinger(Zala) [variant_ids=1054,1055]
AMBIGUOUS | OP01-081 | base | 454612 | Mocha [variant_ids=1056,1057]
AMBIGUOUS | OP01-082 | base | 454613 | Monet [variant_ids=1058,1059]
AMBIGUOUS | OP01-083 | base | 454614 | Mr.1 (Daz.Bonez) [variant_ids=1060,1061]
AMBIGUOUS | OP01-084 | base | 454615 | Mr.2.Bon.Kurei (Bentham) [variant_ids=1062,1063]
AMBIGUOUS | OP01-085 | base | 454616 | Mr.3 (Galdino) [variant_ids=1064,1065]
AMBIGUOUS | OP01-086 | base | 454617 | Overheat [variant_ids=1066,1067]
AMBIGUOUS | OP01-087 | base | 454618 | Officer Agents [variant_ids=1069,1070]
AMBIGUOUS | OP01-088 | base | 454619 | Desert Spada [variant_ids=1071,1072]
AMBIGUOUS | OP01-089 | base | 454620 | Crescent Cutlass [variant_ids=1073,1074]
AMBIGUOUS | OP01-090 | base | 454621 | Baroque Works [variant_ids=1075,1076]
AMBIGUOUS | OP01-091 | base | 454622 | King (091) [variant_ids=1077,1078]
UNMATCHED | OP01-091 | parallel | 454623 | King (091) (Parallel) [reason=no_parallel_found]
AMBIGUOUS | OP01-092 | base | 454624 | Urashima [variant_ids=1081,1082]
AMBIGUOUS | OP01-093 | base | 454625 | Ulti [variant_ids=1083,1084]
UNMATCHED | OP01-093 | parallel | 454626 | Ulti (Parallel) [reason=no_parallel_found]
UNMATCHED | OP01-094 | parallel | 454627 | Kaido (094) (Parallel) [reason=no_parallel_found]
AMBIGUOUS | OP01-095 | base | 454628 | Kyoshirou [variant_ids=1093,1094]
AMBIGUOUS | OP01-096 | base | 454629 | King (096) [variant_ids=1095,1096]
UNMATCHED | OP01-096 | parallel | 454630 | King (096) (Parallel) [reason=no_parallel_found]
AMBIGUOUS | OP01-097 | base | 454631 | Queen [variant_ids=1099,1100]
UNMATCHED | OP01-097 | parallel | 454632 | Queen (Parallel) [reason=no_parallel_found]
AMBIGUOUS | OP01-098 | base | 454633 | Kurozumi Orochi [variant_ids=1102,1103]
AMBIGUOUS | OP01-099 | base | 454634 | Kurozumi Semimaru [variant_ids=1104,1105]
AMBIGUOUS | OP01-100 | base | 454635 | Kurozumi Higurashi [variant_ids=1106,1107]
AMBIGUOUS | OP01-101 | base | 454636 | Sasaki [variant_ids=1108,1109]
AMBIGUOUS | OP01-102 | base | 454637 | Jack [variant_ids=1112,1113]
UNMATCHED | OP01-102 | parallel | 454638 | Jack (Parallel) [reason=no_parallel_found]
AMBIGUOUS | OP01-103 | base | 454639 | Scratchmen Apoo [variant_ids=1116,1117]
AMBIGUOUS | OP01-104 | base | 454640 | Speed [variant_ids=1118,1119]
AMBIGUOUS | OP01-105 | base | 454641 | Bao Huang [variant_ids=1120,1121]
AMBIGUOUS | OP01-106 | base | 454642 | Basil Hawkins [variant_ids=1122,1123]
AMBIGUOUS | OP01-107 | base | 454643 | Babanuki [variant_ids=1124,1125]
AMBIGUOUS | OP01-109 | base | 454644 | Who's.Who [variant_ids=1129,1130]
AMBIGUOUS | OP01-110 | base | 454645 | Fukurokuju [variant_ids=1133,1134]
AMBIGUOUS | OP01-111 | base | 454646 | Black Maria [variant_ids=1135,1136]
AMBIGUOUS | OP01-112 | base | 454648 | Page One [variant_ids=1137,1138]
AMBIGUOUS | OP01-113 | base | 454651 | Holedem [variant_ids=1139,1140]
AMBIGUOUS | OP01-114 | base | 454652 | X.Drake (114) [variant_ids=1141,1142]
AMBIGUOUS | OP01-115 | base | 454659 | Elephant's Marchoo [variant_ids=1144,1145]
AMBIGUOUS | OP01-116 | base | 454660 | Artificial Devil Fruit SMILE [variant_ids=1146,1147]
AMBIGUOUS | OP01-117 | base | 454661 | Sheep's Horn [variant_ids=1148,1149]
AMBIGUOUS | OP01-118 | base | 454662 | Ulti-Mortar [variant_ids=1150,1151]
AMBIGUOUS | OP01-119 | base | 454663 | Thunder Bagua [variant_ids=1152,1153]
AMBIGUOUS | OP01-120 | base | 454664 | Shanks [variant_ids=1154,1155]
MATCHED | OP01-120 | parallel_2 | 454665 | Shanks (Parallel)
MATCHED | OP01-120 | mr | 454666 | Shanks (Parallel) (Manga) (Alternate Art)
AMBIGUOUS | OP01-121 | base | 454667 | Yamato [variant_ids=1165,1166]
UNMATCHED | OP01-121 | parallel | 454669 | Yamato (Parallel) [reason=no_parallel_found]
AMBIGUOUS | OP01-108 | base | 455808 | Hitokiri Kamazo [variant_ids=1126,1127]
SKIP |  |  | 456059 | DON!! Card (Manga) (Alternate Art) [reason=no_card_code]
SKIP |  |  | 456320 | DON!! Card // One Piece Film RED Promo [reason=no_card_code]
SKIP |  |  | 531774 | Romance Dawn - Sleeved Booster Pack [reason=no_card_code]
SKIP |  |  | 532645 | Box Promotion Pack [reason=no_card_code]
SKIP |  |  | 557280 | Romance Dawn - Booster Box (Wave 2 - White) [reason=no_card_code]
SKIP |  |  | 650853 | Romance Dawn - Booster Box Case (Wave 1 - Blue) [reason=no_card_code]
=== SET OP01 COMPLETE ===
Total products: 163
Cards found (had Number field): 154
Matched: 6
Unmatched: 27
Ambiguous: 121
Skipped: 9
Errors: 0
=== TCGCSV LOCAL FILE RUN 2026-04-01T20:09:44.657828+00:00 ===
SKIP |  |  | 450085 | Romance Dawn - Booster Pack [reason=no_card_code]
SKIP |  |  | 450086 | Romance Dawn - Booster Box (Wave 1 - Blue) [reason=no_card_code]
SKIP |  |  | 450087 | Romance Dawn - Booster Box Case (Wave 2 - White) [reason=no_card_code]
AMBIGUOUS | OP01-002 | base | 453505 | Trafalgar Law (002) [variant_ids=710,711]
MATCHED | OP01-003 | parallel_1 | 453506 | Monkey.D.Luffy (003) (Parallel)
UNMATCHED | OP01-008 | promo | 453507 | Cavendish (Box Topper)
AMBIGUOUS | OP01-024 | base | 453508 | Monkey.D.Luffy (024) [variant_ids=827,828]
MATCHED | OP01-024 | parallel_1 | 453509 | Monkey.D.Luffy (024) (Parallel)
AMBIGUOUS | OP01-025 | base | 453510 | Roronoa Zoro (025) [variant_ids=834,835]
MATCHED | OP01-025 | parallel_3 | 453511 | Roronoa Zoro (025) (Parallel)
AMBIGUOUS | OP01-030 | base | 453512 | In Two Years!! At the Sabaody Archipelago!! [variant_ids=857,858]
UNMATCHED | OP01-034 | promo | 453513 | Inuarashi (Box Topper)
AMBIGUOUS | OP01-040 | base | 453514 | Kin'emon [variant_ids=901,902]
MATCHED | OP01-047 | parallel_1 | 453515 | Trafalgar Law (047) (Parallel)
UNMATCHED | OP01-048 | promo | 453516 | Nekomamushi (Box Topper)
AMBIGUOUS | OP01-061 | base | 453517 | Kaido (061) [variant_ids=984,985]
UNMATCHED | OP01-064 | promo | 453518 | Alvida (Box Topper)
AMBIGUOUS | OP01-067 | base | 453519 | Crocodile (067) [variant_ids=1002,1003]
UNMATCHED | OP01-077 | promo | 453520 | Perona (Box Topper)
AMBIGUOUS | OP01-094 | base | 453521 | Kaido (094) [variant_ids=1088,1089]
UNMATCHED | OP01-109 | promo | 453522 | Who's.Who (Box Topper)
AMBIGUOUS | OP01-001 | base | 454512 | Roronoa Zoro (001) [variant_ids=704,705]
MATCHED | OP01-001 | parallel_2 | 454513 | Roronoa Zoro (001) (Parallel)
MATCHED | OP01-002 | parallel_1 | 454514 | Trafalgar Law (002) (Parallel)
AMBIGUOUS | OP01-003 | base | 454515 | Monkey.D.Luffy (003) [variant_ids=714,715]
AMBIGUOUS | OP01-004 | base | 454516 | Usopp [variant_ids=718,719]
AMBIGUOUS | OP01-005 | base | 454517 | Uta [variant_ids=723,724]
AMBIGUOUS | OP01-006 | base | 454518 | Otama [variant_ids=731,732]
AMBIGUOUS | OP01-007 | base | 454519 | Caribou [variant_ids=742,743]
AMBIGUOUS | OP01-008 | base | 454520 | Cavendish [variant_ids=744,745]
AMBIGUOUS | OP01-009 | base | 454522 | Carrot [variant_ids=748,749]
AMBIGUOUS | OP01-010 | base | 454525 | Komachiyo [variant_ids=750,751]
AMBIGUOUS | OP01-011 | base | 454526 | Gordon [variant_ids=752,753]
AMBIGUOUS | OP01-012 | base | 454527 | Sai [variant_ids=754,755]
AMBIGUOUS | OP01-013 | base | 454529 | Sanji [variant_ids=756,757]
MATCHED | OP01-013 | parallel_2 | 454530 | Sanji (Parallel)
AMBIGUOUS | OP01-014 | base | 454532 | Jinbe (014) [variant_ids=768,769]
AMBIGUOUS | OP01-015 | base | 454533 | Tony Tony.Chopper [variant_ids=773,774]
AMBIGUOUS | OP01-016 | base | 454534 | Nami [variant_ids=777,778]
MATCHED | OP01-016 | parallel_2 | 454536 | Nami (Parallel)
AMBIGUOUS | OP01-017 | base | 454538 | Nico Robin [variant_ids=796,797]
AMBIGUOUS | OP01-018 | base | 454540 | Hajrudin [variant_ids=805,806]
AMBIGUOUS | OP01-019 | base | 454542 | Bartolomeo [variant_ids=807,808]
AMBIGUOUS | OP01-020 | base | 454543 | Hyogoro [variant_ids=809,810]
AMBIGUOUS | OP01-021 | base | 454544 | Franky [variant_ids=811,812]
AMBIGUOUS | OP01-022 | base | 454545 | Brook [variant_ids=821,822]
AMBIGUOUS | OP01-023 | base | 454546 | Marco [variant_ids=825,826]
AMBIGUOUS | OP01-026 | base | 454547 | Gum-Gum Fire-Fist Pistol Red Hawk [variant_ids=844,845]
AMBIGUOUS | OP01-027 | base | 454548 | Round Table [variant_ids=846,847]
AMBIGUOUS | OP01-028 | base | 454549 | Green Star Rafflesia [variant_ids=848,849]
AMBIGUOUS | OP01-029 | base | 454550 | Radical Beam!! [variant_ids=850,851]
AMBIGUOUS | OP01-031 | base | 454551 | Kouzuki Oden [variant_ids=861,862]
MATCHED | OP01-031 | parallel_1 | 454552 | Kouzuki Oden (Parallel)
AMBIGUOUS | OP01-032 | base | 454553 | Ashura Doji [variant_ids=865,866]
AMBIGUOUS | OP01-033 | base | 454554 | Izo [variant_ids=867,868]
AMBIGUOUS | OP01-034 | base | 454555 | Inuarashi [variant_ids=878,879]
AMBIGUOUS | OP01-035 | base | 454556 | Okiku [variant_ids=882,883]
AMBIGUOUS | OP01-036 | base | 454558 | Otsuru [variant_ids=890,891]
AMBIGUOUS | OP01-037 | base | 454560 | Kawamatsu [variant_ids=892,893]
AMBIGUOUS | OP01-038 | base | 454562 | Kanjuro [variant_ids=894,895]
AMBIGUOUS | OP01-039 | base | 454563 | Killer [variant_ids=896,897]
MATCHED | OP01-040 | parallel_1 | 454564 | Kin'emon (Parallel)
AMBIGUOUS | OP01-041 | base | 454565 | Kouzuki Momonosuke [variant_ids=905,906]
AMBIGUOUS | OP01-042 | base | 454566 | Komurasaki [variant_ids=915,916]
AMBIGUOUS | OP01-043 | base | 454567 | Shinobu [variant_ids=917,918]
AMBIGUOUS | OP01-044 | base | 454568 | Shachi [variant_ids=919,920]
AMBIGUOUS | OP01-045 | base | 454569 | Jean Bart [variant_ids=921,922]
AMBIGUOUS | OP01-046 | base | 454570 | Denjiro [variant_ids=923,924]
AMBIGUOUS | OP01-047 | base | 454571 | Trafalgar Law (047) [variant_ids=925,926]
AMBIGUOUS | OP01-048 | base | 454572 | Nekomamushi [variant_ids=934,935]
AMBIGUOUS | OP01-049 | base | 454573 | Bepo [variant_ids=938,939]
AMBIGUOUS | OP01-050 | base | 454574 | Penguin [variant_ids=940,941]
AMBIGUOUS | OP01-051 | base | 454575 | Eustass"Captain"Kid [variant_ids=942,943]
MATCHED | OP01-051 | parallel_1 | 454576 | Eustass"Captain"Kid (Parallel)
AMBIGUOUS | OP01-052 | base | 454577 | Raizo [variant_ids=951,952]
AMBIGUOUS | OP01-053 | base | 454578 | Wire [variant_ids=960,961]
AMBIGUOUS | OP01-054 | base | 454579 | X.Drake (054) [variant_ids=962,963]
AMBIGUOUS | OP01-055 | base | 454580 | You Can Be My Samurai!! [variant_ids=964,965]
AMBIGUOUS | OP01-056 | base | 454581 | Demon Face [variant_ids=968,969]
AMBIGUOUS | OP01-057 | base | 454582 | Paradise Waterfall [variant_ids=970,971]
AMBIGUOUS | OP01-058 | base | 454583 | Punk Gibson [variant_ids=974,975]
AMBIGUOUS | OP01-059 | base | 454584 | BE-BENG!! [variant_ids=976,977]
AMBIGUOUS | OP01-060 | base | 454585 | Donquixote Doflamingo (060) [variant_ids=978,979]
MATCHED | OP01-060 | parallel_1 | 454586 | Donquixote Doflamingo (060) (Parallel)
MATCHED | OP01-061 | parallel_1 | 454587 | Kaido (061) (Parallel)
AMBIGUOUS | OP01-062 | base | 454588 | Crocodile (062) [variant_ids=988,989]
MATCHED | OP01-062 | parallel_1 | 454589 | Crocodile (062) (Parallel)
AMBIGUOUS | OP01-063 | base | 454590 | Arlong [variant_ids=992,993]
AMBIGUOUS | OP01-064 | base | 454591 | Alvida [variant_ids=994,995]
AMBIGUOUS | OP01-065 | base | 454592 | Vergo [variant_ids=998,999]
AMBIGUOUS | OP01-066 | base | 454593 | Krieg [variant_ids=1000,1001]
MATCHED | OP01-067 | parallel_1 | 454594 | Crocodile (067) (Parallel)
AMBIGUOUS | OP01-068 | base | 454596 | Gecko Moria [variant_ids=1006,1007]
AMBIGUOUS | OP01-069 | base | 454597 | Caesar Clown [variant_ids=1008,1009]
AMBIGUOUS | OP01-070 | base | 454598 | Dracule Mihawk [variant_ids=1010,1011]
MATCHED | OP01-070 | parallel_1 | 454599 | Dracule Mihawk (Parallel)
AMBIGUOUS | OP01-071 | base | 454600 | Jinbe (071) [variant_ids=1019,1020]
AMBIGUOUS | OP01-072 | base | 454601 | Smiley [variant_ids=1021,1022]
AMBIGUOUS | OP01-073 | base | 454602 | Donquixote Doflamingo (073) [variant_ids=1023,1024]
MATCHED | OP01-073 | parallel_1 | 454603 | Donquixote Doflamingo (073) (Parallel)
AMBIGUOUS | OP01-074 | base | 454604 | Bartholomew Kuma [variant_ids=1030,1031]
AMBIGUOUS | OP01-075 | base | 454605 | Pacifista [variant_ids=1032,1033]
AMBIGUOUS | OP01-076 | base | 454606 | Bellamy [variant_ids=1034,1035]
AMBIGUOUS | OP01-077 | base | 454607 | Perona [variant_ids=1036,1037]
AMBIGUOUS | OP01-078 | base | 454608 | Boa Hancock [variant_ids=1042,1043]
MATCHED | OP01-078 | parallel_1 | 454609 | Boa Hancock (Parallel)
AMBIGUOUS | OP01-079 | base | 454610 | Ms. All Sunday [variant_ids=1051,1052]
AMBIGUOUS | OP01-080 | base | 454611 | Miss Doublefinger(Zala) [variant_ids=1054,1055]
AMBIGUOUS | OP01-081 | base | 454612 | Mocha [variant_ids=1056,1057]
AMBIGUOUS | OP01-082 | base | 454613 | Monet [variant_ids=1058,1059]
AMBIGUOUS | OP01-083 | base | 454614 | Mr.1 (Daz.Bonez) [variant_ids=1060,1061]
AMBIGUOUS | OP01-084 | base | 454615 | Mr.2.Bon.Kurei (Bentham) [variant_ids=1062,1063]
AMBIGUOUS | OP01-085 | base | 454616 | Mr.3 (Galdino) [variant_ids=1064,1065]
AMBIGUOUS | OP01-086 | base | 454617 | Overheat [variant_ids=1066,1067]
AMBIGUOUS | OP01-087 | base | 454618 | Officer Agents [variant_ids=1069,1070]
AMBIGUOUS | OP01-088 | base | 454619 | Desert Spada [variant_ids=1071,1072]
AMBIGUOUS | OP01-089 | base | 454620 | Crescent Cutlass [variant_ids=1073,1074]
AMBIGUOUS | OP01-090 | base | 454621 | Baroque Works [variant_ids=1075,1076]
AMBIGUOUS | OP01-091 | base | 454622 | King (091) [variant_ids=1077,1078]
MATCHED | OP01-091 | parallel_1 | 454623 | King (091) (Parallel)
AMBIGUOUS | OP01-092 | base | 454624 | Urashima [variant_ids=1081,1082]
AMBIGUOUS | OP01-093 | base | 454625 | Ulti [variant_ids=1083,1084]
MATCHED | OP01-093 | parallel_1 | 454626 | Ulti (Parallel)
MATCHED | OP01-094 | parallel_1 | 454627 | Kaido (094) (Parallel)
AMBIGUOUS | OP01-095 | base | 454628 | Kyoshirou [variant_ids=1093,1094]
AMBIGUOUS | OP01-096 | base | 454629 | King (096) [variant_ids=1095,1096]
MATCHED | OP01-096 | parallel_1 | 454630 | King (096) (Parallel)
AMBIGUOUS | OP01-097 | base | 454631 | Queen [variant_ids=1099,1100]
MATCHED | OP01-097 | parallel_1 | 454632 | Queen (Parallel)
AMBIGUOUS | OP01-098 | base | 454633 | Kurozumi Orochi [variant_ids=1102,1103]
AMBIGUOUS | OP01-099 | base | 454634 | Kurozumi Semimaru [variant_ids=1104,1105]
AMBIGUOUS | OP01-100 | base | 454635 | Kurozumi Higurashi [variant_ids=1106,1107]
AMBIGUOUS | OP01-101 | base | 454636 | Sasaki [variant_ids=1108,1109]
AMBIGUOUS | OP01-102 | base | 454637 | Jack [variant_ids=1112,1113]
MATCHED | OP01-102 | parallel_1 | 454638 | Jack (Parallel)
AMBIGUOUS | OP01-103 | base | 454639 | Scratchmen Apoo [variant_ids=1116,1117]
AMBIGUOUS | OP01-104 | base | 454640 | Speed [variant_ids=1118,1119]
AMBIGUOUS | OP01-105 | base | 454641 | Bao Huang [variant_ids=1120,1121]
AMBIGUOUS | OP01-106 | base | 454642 | Basil Hawkins [variant_ids=1122,1123]
AMBIGUOUS | OP01-107 | base | 454643 | Babanuki [variant_ids=1124,1125]
AMBIGUOUS | OP01-109 | base | 454644 | Who's.Who [variant_ids=1129,1130]
AMBIGUOUS | OP01-110 | base | 454645 | Fukurokuju [variant_ids=1133,1134]
AMBIGUOUS | OP01-111 | base | 454646 | Black Maria [variant_ids=1135,1136]
AMBIGUOUS | OP01-112 | base | 454648 | Page One [variant_ids=1137,1138]
AMBIGUOUS | OP01-113 | base | 454651 | Holedem [variant_ids=1139,1140]
AMBIGUOUS | OP01-114 | base | 454652 | X.Drake (114) [variant_ids=1141,1142]
AMBIGUOUS | OP01-115 | base | 454659 | Elephant's Marchoo [variant_ids=1144,1145]
AMBIGUOUS | OP01-116 | base | 454660 | Artificial Devil Fruit SMILE [variant_ids=1146,1147]
AMBIGUOUS | OP01-117 | base | 454661 | Sheep's Horn [variant_ids=1148,1149]
AMBIGUOUS | OP01-118 | base | 454662 | Ulti-Mortar [variant_ids=1150,1151]
AMBIGUOUS | OP01-119 | base | 454663 | Thunder Bagua [variant_ids=1152,1153]
AMBIGUOUS | OP01-120 | base | 454664 | Shanks [variant_ids=1154,1155]
MATCHED | OP01-120 | parallel_2 | 454665 | Shanks (Parallel)
MATCHED | OP01-120 | mr | 454666 | Shanks (Parallel) (Manga) (Alternate Art)
AMBIGUOUS | OP01-121 | base | 454667 | Yamato [variant_ids=1165,1166]
MATCHED | OP01-121 | parallel_1 | 454669 | Yamato (Parallel)
AMBIGUOUS | OP01-108 | base | 455808 | Hitokiri Kamazo [variant_ids=1126,1127]
SKIP |  |  | 456059 | DON!! Card (Manga) (Alternate Art) [reason=no_card_code]
SKIP |  |  | 456320 | DON!! Card // One Piece Film RED Promo [reason=no_card_code]
SKIP |  |  | 531774 | Romance Dawn - Sleeved Booster Pack [reason=no_card_code]
SKIP |  |  | 532645 | Box Promotion Pack [reason=no_card_code]
SKIP |  |  | 557280 | Romance Dawn - Booster Box (Wave 2 - White) [reason=no_card_code]
SKIP |  |  | 650853 | Romance Dawn - Booster Box Case (Wave 1 - Blue) [reason=no_card_code]
=== SET OP01 COMPLETE ===
Total products: 163
Cards found (had Number field): 154
Matched: 27
Unmatched: 6
Ambiguous: 121
Skipped: 9
Errors: 0
=== TCGCSV LOCAL FILE RUN 2026-04-01T21:51:17.796585+00:00 ===
SKIP |  |  | 450085 | Romance Dawn - Booster Pack [reason=no_card_code]
SKIP |  |  | 450086 | Romance Dawn - Booster Box (Wave 1 - Blue) [reason=no_card_code]
SKIP |  |  | 450087 | Romance Dawn - Booster Box Case (Wave 2 - White) [reason=no_card_code]
AMBIGUOUS | OP01-002 | base | 453505 | Trafalgar Law (002) [variant_ids=710,711]
MATCHED | OP01-003 | parallel | 453506 | Monkey.D.Luffy (003) (Parallel) [printing_id=717]
UNMATCHED | OP01-008 | promo | 453507 | Cavendish (Box Topper)
AMBIGUOUS | OP01-024 | base | 453508 | Monkey.D.Luffy (024) [variant_ids=827,828]
MATCHED | OP01-024 | parallel | 453509 | Monkey.D.Luffy (024) (Parallel) [printing_id=830]
AMBIGUOUS | OP01-025 | base | 453510 | Roronoa Zoro (025) [variant_ids=834,835]
MATCHED | OP01-025 | parallel | 453511 | Roronoa Zoro (025) (Parallel) [printing_id=842]
AMBIGUOUS | OP01-030 | base | 453512 | In Two Years!! At the Sabaody Archipelago!! [variant_ids=857,858]
UNMATCHED | OP01-034 | promo | 453513 | Inuarashi (Box Topper)
AMBIGUOUS | OP01-040 | base | 453514 | Kin'emon [variant_ids=901,902]
MATCHED | OP01-047 | parallel | 453515 | Trafalgar Law (047) (Parallel) [printing_id=928]
UNMATCHED | OP01-048 | promo | 453516 | Nekomamushi (Box Topper)
AMBIGUOUS | OP01-061 | base | 453517 | Kaido (061) [variant_ids=984,985]
UNMATCHED | OP01-064 | promo | 453518 | Alvida (Box Topper)
AMBIGUOUS | OP01-067 | base | 453519 | Crocodile (067) [variant_ids=1002,1003]
UNMATCHED | OP01-077 | promo | 453520 | Perona (Box Topper)
AMBIGUOUS | OP01-094 | base | 453521 | Kaido (094) [variant_ids=1088,1089]
UNMATCHED | OP01-109 | promo | 453522 | Who's.Who (Box Topper)
AMBIGUOUS | OP01-001 | base | 454512 | Roronoa Zoro (001) [variant_ids=704,705]
MATCHED | OP01-001 | parallel | 454513 | Roronoa Zoro (001) (Parallel) [printing_id=709]
MATCHED | OP01-002 | parallel | 454514 | Trafalgar Law (002) (Parallel) [printing_id=713]
AMBIGUOUS | OP01-003 | base | 454515 | Monkey.D.Luffy (003) [variant_ids=714,715]
AMBIGUOUS | OP01-004 | base | 454516 | Usopp [variant_ids=718,719]
AMBIGUOUS | OP01-005 | base | 454517 | Uta [variant_ids=723,724]
AMBIGUOUS | OP01-006 | base | 454518 | Otama [variant_ids=731,732]
AMBIGUOUS | OP01-007 | base | 454519 | Caribou [variant_ids=742,743]
AMBIGUOUS | OP01-008 | base | 454520 | Cavendish [variant_ids=744,745]
AMBIGUOUS | OP01-009 | base | 454522 | Carrot [variant_ids=748,749]
AMBIGUOUS | OP01-010 | base | 454525 | Komachiyo [variant_ids=750,751]
AMBIGUOUS | OP01-011 | base | 454526 | Gordon [variant_ids=752,753]
AMBIGUOUS | OP01-012 | base | 454527 | Sai [variant_ids=754,755]
AMBIGUOUS | OP01-013 | base | 454529 | Sanji [variant_ids=756,757]
MATCHED | OP01-013 | parallel | 454530 | Sanji (Parallel) [printing_id=764]
AMBIGUOUS | OP01-014 | base | 454532 | Jinbe (014) [variant_ids=768,769]
AMBIGUOUS | OP01-015 | base | 454533 | Tony Tony.Chopper [variant_ids=773,774]
AMBIGUOUS | OP01-016 | base | 454534 | Nami [variant_ids=777,778]
MATCHED | OP01-016 | parallel | 454536 | Nami (Parallel) [printing_id=789]
AMBIGUOUS | OP01-017 | base | 454538 | Nico Robin [variant_ids=796,797]
AMBIGUOUS | OP01-018 | base | 454540 | Hajrudin [variant_ids=805,806]
AMBIGUOUS | OP01-019 | base | 454542 | Bartolomeo [variant_ids=807,808]
AMBIGUOUS | OP01-020 | base | 454543 | Hyogoro [variant_ids=809,810]
AMBIGUOUS | OP01-021 | base | 454544 | Franky [variant_ids=811,812]
AMBIGUOUS | OP01-022 | base | 454545 | Brook [variant_ids=821,822]
AMBIGUOUS | OP01-023 | base | 454546 | Marco [variant_ids=825,826]
AMBIGUOUS | OP01-026 | base | 454547 | Gum-Gum Fire-Fist Pistol Red Hawk [variant_ids=844,845]
AMBIGUOUS | OP01-027 | base | 454548 | Round Table [variant_ids=846,847]
AMBIGUOUS | OP01-028 | base | 454549 | Green Star Rafflesia [variant_ids=848,849]
AMBIGUOUS | OP01-029 | base | 454550 | Radical Beam!! [variant_ids=850,851]
AMBIGUOUS | OP01-031 | base | 454551 | Kouzuki Oden [variant_ids=861,862]
MATCHED | OP01-031 | parallel | 454552 | Kouzuki Oden (Parallel) [printing_id=864]
AMBIGUOUS | OP01-032 | base | 454553 | Ashura Doji [variant_ids=865,866]
AMBIGUOUS | OP01-033 | base | 454554 | Izo [variant_ids=867,868]
AMBIGUOUS | OP01-034 | base | 454555 | Inuarashi [variant_ids=878,879]
AMBIGUOUS | OP01-035 | base | 454556 | Okiku [variant_ids=882,883]
AMBIGUOUS | OP01-036 | base | 454558 | Otsuru [variant_ids=890,891]
AMBIGUOUS | OP01-037 | base | 454560 | Kawamatsu [variant_ids=892,893]
AMBIGUOUS | OP01-038 | base | 454562 | Kanjuro [variant_ids=894,895]
AMBIGUOUS | OP01-039 | base | 454563 | Killer [variant_ids=896,897]
MATCHED | OP01-040 | parallel | 454564 | Kin'emon (Parallel) [printing_id=904]
AMBIGUOUS | OP01-041 | base | 454565 | Kouzuki Momonosuke [variant_ids=905,906]
AMBIGUOUS | OP01-042 | base | 454566 | Komurasaki [variant_ids=915,916]
AMBIGUOUS | OP01-043 | base | 454567 | Shinobu [variant_ids=917,918]
AMBIGUOUS | OP01-044 | base | 454568 | Shachi [variant_ids=919,920]
AMBIGUOUS | OP01-045 | base | 454569 | Jean Bart [variant_ids=921,922]
AMBIGUOUS | OP01-046 | base | 454570 | Denjiro [variant_ids=923,924]
AMBIGUOUS | OP01-047 | base | 454571 | Trafalgar Law (047) [variant_ids=925,926]
AMBIGUOUS | OP01-048 | base | 454572 | Nekomamushi [variant_ids=934,935]
AMBIGUOUS | OP01-049 | base | 454573 | Bepo [variant_ids=938,939]
AMBIGUOUS | OP01-050 | base | 454574 | Penguin [variant_ids=940,941]
AMBIGUOUS | OP01-051 | base | 454575 | Eustass"Captain"Kid [variant_ids=942,943]
MATCHED | OP01-051 | parallel | 454576 | Eustass"Captain"Kid (Parallel) [printing_id=945]
AMBIGUOUS | OP01-052 | base | 454577 | Raizo [variant_ids=951,952]
AMBIGUOUS | OP01-053 | base | 454578 | Wire [variant_ids=960,961]
AMBIGUOUS | OP01-054 | base | 454579 | X.Drake (054) [variant_ids=962,963]
AMBIGUOUS | OP01-055 | base | 454580 | You Can Be My Samurai!! [variant_ids=964,965]
AMBIGUOUS | OP01-056 | base | 454581 | Demon Face [variant_ids=968,969]
AMBIGUOUS | OP01-057 | base | 454582 | Paradise Waterfall [variant_ids=970,971]
AMBIGUOUS | OP01-058 | base | 454583 | Punk Gibson [variant_ids=974,975]
AMBIGUOUS | OP01-059 | base | 454584 | BE-BENG!! [variant_ids=976,977]
AMBIGUOUS | OP01-060 | base | 454585 | Donquixote Doflamingo (060) [variant_ids=978,979]
MATCHED | OP01-060 | parallel | 454586 | Donquixote Doflamingo (060) (Parallel) [printing_id=981]
MATCHED | OP01-061 | parallel | 454587 | Kaido (061) (Parallel) [printing_id=987]
AMBIGUOUS | OP01-062 | base | 454588 | Crocodile (062) [variant_ids=988,989]
MATCHED | OP01-062 | parallel | 454589 | Crocodile (062) (Parallel) [printing_id=991]
AMBIGUOUS | OP01-063 | base | 454590 | Arlong [variant_ids=992,993]
AMBIGUOUS | OP01-064 | base | 454591 | Alvida [variant_ids=994,995]
AMBIGUOUS | OP01-065 | base | 454592 | Vergo [variant_ids=998,999]
AMBIGUOUS | OP01-066 | base | 454593 | Krieg [variant_ids=1000,1001]
MATCHED | OP01-067 | parallel | 454594 | Crocodile (067) (Parallel) [printing_id=1005]
AMBIGUOUS | OP01-068 | base | 454596 | Gecko Moria [variant_ids=1006,1007]
AMBIGUOUS | OP01-069 | base | 454597 | Caesar Clown [variant_ids=1008,1009]
AMBIGUOUS | OP01-070 | base | 454598 | Dracule Mihawk [variant_ids=1010,1011]
MATCHED | OP01-070 | parallel | 454599 | Dracule Mihawk (Parallel) [printing_id=1014]
AMBIGUOUS | OP01-071 | base | 454600 | Jinbe (071) [variant_ids=1019,1020]
AMBIGUOUS | OP01-072 | base | 454601 | Smiley [variant_ids=1021,1022]
AMBIGUOUS | OP01-073 | base | 454602 | Donquixote Doflamingo (073) [variant_ids=1023,1024]
MATCHED | OP01-073 | parallel | 454603 | Donquixote Doflamingo (073) (Parallel) [printing_id=1026]
AMBIGUOUS | OP01-074 | base | 454604 | Bartholomew Kuma [variant_ids=1030,1031]
AMBIGUOUS | OP01-075 | base | 454605 | Pacifista [variant_ids=1032,1033]
AMBIGUOUS | OP01-076 | base | 454606 | Bellamy [variant_ids=1034,1035]
AMBIGUOUS | OP01-077 | base | 454607 | Perona [variant_ids=1036,1037]
AMBIGUOUS | OP01-078 | base | 454608 | Boa Hancock [variant_ids=1042,1043]
MATCHED | OP01-078 | parallel | 454609 | Boa Hancock (Parallel) [printing_id=1045]
AMBIGUOUS | OP01-079 | base | 454610 | Ms. All Sunday [variant_ids=1051,1052]
AMBIGUOUS | OP01-080 | base | 454611 | Miss Doublefinger(Zala) [variant_ids=1054,1055]
AMBIGUOUS | OP01-081 | base | 454612 | Mocha [variant_ids=1056,1057]
AMBIGUOUS | OP01-082 | base | 454613 | Monet [variant_ids=1058,1059]
AMBIGUOUS | OP01-083 | base | 454614 | Mr.1 (Daz.Bonez) [variant_ids=1060,1061]
AMBIGUOUS | OP01-084 | base | 454615 | Mr.2.Bon.Kurei (Bentham) [variant_ids=1062,1063]
AMBIGUOUS | OP01-085 | base | 454616 | Mr.3 (Galdino) [variant_ids=1064,1065]
AMBIGUOUS | OP01-086 | base | 454617 | Overheat [variant_ids=1066,1067]
AMBIGUOUS | OP01-087 | base | 454618 | Officer Agents [variant_ids=1069,1070]
AMBIGUOUS | OP01-088 | base | 454619 | Desert Spada [variant_ids=1071,1072]
AMBIGUOUS | OP01-089 | base | 454620 | Crescent Cutlass [variant_ids=1073,1074]
AMBIGUOUS | OP01-090 | base | 454621 | Baroque Works [variant_ids=1075,1076]
AMBIGUOUS | OP01-091 | base | 454622 | King (091) [variant_ids=1077,1078]
MATCHED | OP01-091 | parallel | 454623 | King (091) (Parallel) [printing_id=1080]
AMBIGUOUS | OP01-092 | base | 454624 | Urashima [variant_ids=1081,1082]
AMBIGUOUS | OP01-093 | base | 454625 | Ulti [variant_ids=1083,1084]
MATCHED | OP01-093 | parallel | 454626 | Ulti (Parallel) [printing_id=1087]
MATCHED | OP01-094 | parallel | 454627 | Kaido (094) (Parallel) [printing_id=1092]
AMBIGUOUS | OP01-095 | base | 454628 | Kyoshirou [variant_ids=1093,1094]
AMBIGUOUS | OP01-096 | base | 454629 | King (096) [variant_ids=1095,1096]
MATCHED | OP01-096 | parallel | 454630 | King (096) (Parallel) [printing_id=1098]
AMBIGUOUS | OP01-097 | base | 454631 | Queen [variant_ids=1099,1100]
MATCHED | OP01-097 | parallel | 454632 | Queen (Parallel) [printing_id=1101]
AMBIGUOUS | OP01-098 | base | 454633 | Kurozumi Orochi [variant_ids=1102,1103]
AMBIGUOUS | OP01-099 | base | 454634 | Kurozumi Semimaru [variant_ids=1104,1105]
AMBIGUOUS | OP01-100 | base | 454635 | Kurozumi Higurashi [variant_ids=1106,1107]
AMBIGUOUS | OP01-101 | base | 454636 | Sasaki [variant_ids=1108,1109]
AMBIGUOUS | OP01-102 | base | 454637 | Jack [variant_ids=1112,1113]
MATCHED | OP01-102 | parallel | 454638 | Jack (Parallel) [printing_id=1115]
AMBIGUOUS | OP01-103 | base | 454639 | Scratchmen Apoo [variant_ids=1116,1117]
AMBIGUOUS | OP01-104 | base | 454640 | Speed [variant_ids=1118,1119]
AMBIGUOUS | OP01-105 | base | 454641 | Bao Huang [variant_ids=1120,1121]
AMBIGUOUS | OP01-106 | base | 454642 | Basil Hawkins [variant_ids=1122,1123]
AMBIGUOUS | OP01-107 | base | 454643 | Babanuki [variant_ids=1124,1125]
AMBIGUOUS | OP01-109 | base | 454644 | Who's.Who [variant_ids=1129,1130]
AMBIGUOUS | OP01-110 | base | 454645 | Fukurokuju [variant_ids=1133,1134]
AMBIGUOUS | OP01-111 | base | 454646 | Black Maria [variant_ids=1135,1136]
AMBIGUOUS | OP01-112 | base | 454648 | Page One [variant_ids=1137,1138]
AMBIGUOUS | OP01-113 | base | 454651 | Holedem [variant_ids=1139,1140]
AMBIGUOUS | OP01-114 | base | 454652 | X.Drake (114) [variant_ids=1141,1142]
AMBIGUOUS | OP01-115 | base | 454659 | Elephant's Marchoo [variant_ids=1144,1145]
AMBIGUOUS | OP01-116 | base | 454660 | Artificial Devil Fruit SMILE [variant_ids=1146,1147]
AMBIGUOUS | OP01-117 | base | 454661 | Sheep's Horn [variant_ids=1148,1149]
AMBIGUOUS | OP01-118 | base | 454662 | Ulti-Mortar [variant_ids=1150,1151]
AMBIGUOUS | OP01-119 | base | 454663 | Thunder Bagua [variant_ids=1152,1153]
AMBIGUOUS | OP01-120 | base | 454664 | Shanks [variant_ids=1154,1155]
MATCHED | OP01-120 | parallel | 454665 | Shanks (Parallel) [printing_id=1159]
MATCHED | OP01-120 | manga | 454666 | Shanks (Parallel) (Manga) (Alternate Art) [printing_id=1157]
AMBIGUOUS | OP01-121 | base | 454667 | Yamato [variant_ids=1165,1166]
MATCHED | OP01-121 | parallel | 454669 | Yamato (Parallel) [printing_id=1169]
AMBIGUOUS | OP01-108 | base | 455808 | Hitokiri Kamazo [variant_ids=1126,1127]
SKIP |  |  | 456059 | DON!! Card (Manga) (Alternate Art) [reason=no_card_code]
SKIP |  |  | 456320 | DON!! Card // One Piece Film RED Promo [reason=no_card_code]
SKIP |  |  | 531774 | Romance Dawn - Sleeved Booster Pack [reason=no_card_code]
SKIP |  |  | 532645 | Box Promotion Pack [reason=no_card_code]
SKIP |  |  | 557280 | Romance Dawn - Booster Box (Wave 2 - White) [reason=no_card_code]
SKIP |  |  | 650853 | Romance Dawn - Booster Box Case (Wave 1 - Blue) [reason=no_card_code]
=== SET OP01 COMPLETE ===
Total products: 163
Cards found (had Number field): 154
Matched: 27
Unmatched: 6
Ambiguous: 121
Skipped: 9
Errors: 0
=== TCGCSV LOCAL FILE RUN 2026-04-01T22:09:08.587982+00:00 ===
SKIP |  |  | 450085 | Romance Dawn - Booster Pack [reason=no_card_code]
SKIP |  |  | 450086 | Romance Dawn - Booster Box (Wave 1 - Blue) [reason=no_card_code]
SKIP |  |  | 450087 | Romance Dawn - Booster Box Case (Wave 2 - White) [reason=no_card_code]
MATCHED | OP01-002 | base | 453505 | Trafalgar Law (002) [printing_id=710]
MATCHED | OP01-003 | parallel | 453506 | Monkey.D.Luffy (003) (Parallel) [printing_id=717]
UNMATCHED | OP01-008 | promo | 453507 | Cavendish (Box Topper)
MATCHED | OP01-024 | base | 453508 | Monkey.D.Luffy (024) [printing_id=827]
MATCHED | OP01-024 | parallel | 453509 | Monkey.D.Luffy (024) (Parallel) [printing_id=830]
MATCHED | OP01-025 | base | 453510 | Roronoa Zoro (025) [printing_id=834]
MATCHED | OP01-025 | parallel | 453511 | Roronoa Zoro (025) (Parallel) [printing_id=842]
MATCHED | OP01-030 | base | 453512 | In Two Years!! At the Sabaody Archipelago!! [printing_id=857]
UNMATCHED | OP01-034 | promo | 453513 | Inuarashi (Box Topper)
MATCHED | OP01-040 | base | 453514 | Kin'emon [printing_id=901]
MATCHED | OP01-047 | parallel | 453515 | Trafalgar Law (047) (Parallel) [printing_id=928]
UNMATCHED | OP01-048 | promo | 453516 | Nekomamushi (Box Topper)
MATCHED | OP01-061 | base | 453517 | Kaido (061) [printing_id=984]
UNMATCHED | OP01-064 | promo | 453518 | Alvida (Box Topper)
MATCHED | OP01-067 | base | 453519 | Crocodile (067) [printing_id=1002]
UNMATCHED | OP01-077 | promo | 453520 | Perona (Box Topper)
MATCHED | OP01-094 | base | 453521 | Kaido (094) [printing_id=1088]
UNMATCHED | OP01-109 | promo | 453522 | Who's.Who (Box Topper)
MATCHED | OP01-001 | base | 454512 | Roronoa Zoro (001) [printing_id=704]
MATCHED | OP01-001 | parallel | 454513 | Roronoa Zoro (001) (Parallel) [printing_id=709]
MATCHED | OP01-002 | parallel | 454514 | Trafalgar Law (002) (Parallel) [printing_id=713]
MATCHED | OP01-003 | base | 454515 | Monkey.D.Luffy (003) [printing_id=714]
MATCHED | OP01-004 | base | 454516 | Usopp [printing_id=718]
MATCHED | OP01-005 | base | 454517 | Uta [printing_id=723]
MATCHED | OP01-006 | base | 454518 | Otama [printing_id=731]
MATCHED | OP01-007 | base | 454519 | Caribou [printing_id=742]
MATCHED | OP01-008 | base | 454520 | Cavendish [printing_id=744]
MATCHED | OP01-009 | base | 454522 | Carrot [printing_id=748]
MATCHED | OP01-010 | base | 454525 | Komachiyo [printing_id=750]
MATCHED | OP01-011 | base | 454526 | Gordon [printing_id=752]
MATCHED | OP01-012 | base | 454527 | Sai [printing_id=754]
MATCHED | OP01-013 | base | 454529 | Sanji [printing_id=756]
MATCHED | OP01-013 | parallel | 454530 | Sanji (Parallel) [printing_id=764]
MATCHED | OP01-014 | base | 454532 | Jinbe (014) [printing_id=768]
MATCHED | OP01-015 | base | 454533 | Tony Tony.Chopper [printing_id=773]
MATCHED | OP01-016 | base | 454534 | Nami [printing_id=777]
MATCHED | OP01-016 | parallel | 454536 | Nami (Parallel) [printing_id=789]
MATCHED | OP01-017 | base | 454538 | Nico Robin [printing_id=796]
MATCHED | OP01-018 | base | 454540 | Hajrudin [printing_id=805]
MATCHED | OP01-019 | base | 454542 | Bartolomeo [printing_id=807]
MATCHED | OP01-020 | base | 454543 | Hyogoro [printing_id=809]
MATCHED | OP01-021 | base | 454544 | Franky [printing_id=811]
MATCHED | OP01-022 | base | 454545 | Brook [printing_id=821]
MATCHED | OP01-023 | base | 454546 | Marco [printing_id=825]
MATCHED | OP01-026 | base | 454547 | Gum-Gum Fire-Fist Pistol Red Hawk [printing_id=844]
MATCHED | OP01-027 | base | 454548 | Round Table [printing_id=846]
MATCHED | OP01-028 | base | 454549 | Green Star Rafflesia [printing_id=848]
MATCHED | OP01-029 | base | 454550 | Radical Beam!! [printing_id=850]
MATCHED | OP01-031 | base | 454551 | Kouzuki Oden [printing_id=861]
MATCHED | OP01-031 | parallel | 454552 | Kouzuki Oden (Parallel) [printing_id=864]
MATCHED | OP01-032 | base | 454553 | Ashura Doji [printing_id=865]
MATCHED | OP01-033 | base | 454554 | Izo [printing_id=867]
MATCHED | OP01-034 | base | 454555 | Inuarashi [printing_id=878]
MATCHED | OP01-035 | base | 454556 | Okiku [printing_id=882]
MATCHED | OP01-036 | base | 454558 | Otsuru [printing_id=890]
MATCHED | OP01-037 | base | 454560 | Kawamatsu [printing_id=892]
MATCHED | OP01-038 | base | 454562 | Kanjuro [printing_id=894]
MATCHED | OP01-039 | base | 454563 | Killer [printing_id=896]
MATCHED | OP01-040 | parallel | 454564 | Kin'emon (Parallel) [printing_id=904]
MATCHED | OP01-041 | base | 454565 | Kouzuki Momonosuke [printing_id=905]
MATCHED | OP01-042 | base | 454566 | Komurasaki [printing_id=915]
MATCHED | OP01-043 | base | 454567 | Shinobu [printing_id=917]
MATCHED | OP01-044 | base | 454568 | Shachi [printing_id=919]
MATCHED | OP01-045 | base | 454569 | Jean Bart [printing_id=921]
MATCHED | OP01-046 | base | 454570 | Denjiro [printing_id=923]
MATCHED | OP01-047 | base | 454571 | Trafalgar Law (047) [printing_id=925]
MATCHED | OP01-048 | base | 454572 | Nekomamushi [printing_id=934]
MATCHED | OP01-049 | base | 454573 | Bepo [printing_id=938]
MATCHED | OP01-050 | base | 454574 | Penguin [printing_id=940]
MATCHED | OP01-051 | base | 454575 | Eustass"Captain"Kid [printing_id=942]
MATCHED | OP01-051 | parallel | 454576 | Eustass"Captain"Kid (Parallel) [printing_id=945]
MATCHED | OP01-052 | base | 454577 | Raizo [printing_id=951]
MATCHED | OP01-053 | base | 454578 | Wire [printing_id=960]
MATCHED | OP01-054 | base | 454579 | X.Drake (054) [printing_id=962]
MATCHED | OP01-055 | base | 454580 | You Can Be My Samurai!! [printing_id=964]
MATCHED | OP01-056 | base | 454581 | Demon Face [printing_id=968]
MATCHED | OP01-057 | base | 454582 | Paradise Waterfall [printing_id=970]
MATCHED | OP01-058 | base | 454583 | Punk Gibson [printing_id=974]
MATCHED | OP01-059 | base | 454584 | BE-BENG!! [printing_id=976]
MATCHED | OP01-060 | base | 454585 | Donquixote Doflamingo (060) [printing_id=978]
MATCHED | OP01-060 | parallel | 454586 | Donquixote Doflamingo (060) (Parallel) [printing_id=981]
MATCHED | OP01-061 | parallel | 454587 | Kaido (061) (Parallel) [printing_id=987]
MATCHED | OP01-062 | base | 454588 | Crocodile (062) [printing_id=988]
MATCHED | OP01-062 | parallel | 454589 | Crocodile (062) (Parallel) [printing_id=991]
MATCHED | OP01-063 | base | 454590 | Arlong [printing_id=992]
MATCHED | OP01-064 | base | 454591 | Alvida [printing_id=994]
MATCHED | OP01-065 | base | 454592 | Vergo [printing_id=998]
MATCHED | OP01-066 | base | 454593 | Krieg [printing_id=1000]
MATCHED | OP01-067 | parallel | 454594 | Crocodile (067) (Parallel) [printing_id=1005]
MATCHED | OP01-068 | base | 454596 | Gecko Moria [printing_id=1006]
MATCHED | OP01-069 | base | 454597 | Caesar Clown [printing_id=1008]
MATCHED | OP01-070 | base | 454598 | Dracule Mihawk [printing_id=1010]
MATCHED | OP01-070 | parallel | 454599 | Dracule Mihawk (Parallel) [printing_id=1014]
MATCHED | OP01-071 | base | 454600 | Jinbe (071) [printing_id=1019]
MATCHED | OP01-072 | base | 454601 | Smiley [printing_id=1021]
MATCHED | OP01-073 | base | 454602 | Donquixote Doflamingo (073) [printing_id=1023]
MATCHED | OP01-073 | parallel | 454603 | Donquixote Doflamingo (073) (Parallel) [printing_id=1026]
MATCHED | OP01-074 | base | 454604 | Bartholomew Kuma [printing_id=1030]
MATCHED | OP01-075 | base | 454605 | Pacifista [printing_id=1032]
MATCHED | OP01-076 | base | 454606 | Bellamy [printing_id=1034]
MATCHED | OP01-077 | base | 454607 | Perona [printing_id=1036]
MATCHED | OP01-078 | base | 454608 | Boa Hancock [printing_id=1042]
MATCHED | OP01-078 | parallel | 454609 | Boa Hancock (Parallel) [printing_id=1045]
MATCHED | OP01-079 | base | 454610 | Ms. All Sunday [printing_id=1051]
MATCHED | OP01-080 | base | 454611 | Miss Doublefinger(Zala) [printing_id=1054]
MATCHED | OP01-081 | base | 454612 | Mocha [printing_id=1056]
MATCHED | OP01-082 | base | 454613 | Monet [printing_id=1058]
MATCHED | OP01-083 | base | 454614 | Mr.1 (Daz.Bonez) [printing_id=1060]
MATCHED | OP01-084 | base | 454615 | Mr.2.Bon.Kurei (Bentham) [printing_id=1062]
MATCHED | OP01-085 | base | 454616 | Mr.3 (Galdino) [printing_id=1064]
MATCHED | OP01-086 | base | 454617 | Overheat [printing_id=1066]
MATCHED | OP01-087 | base | 454618 | Officer Agents [printing_id=1069]
MATCHED | OP01-088 | base | 454619 | Desert Spada [printing_id=1071]
MATCHED | OP01-089 | base | 454620 | Crescent Cutlass [printing_id=1073]
MATCHED | OP01-090 | base | 454621 | Baroque Works [printing_id=1075]
MATCHED | OP01-091 | base | 454622 | King (091) [printing_id=1077]
MATCHED | OP01-091 | parallel | 454623 | King (091) (Parallel) [printing_id=1080]
MATCHED | OP01-092 | base | 454624 | Urashima [printing_id=1081]
MATCHED | OP01-093 | base | 454625 | Ulti [printing_id=1083]
MATCHED | OP01-093 | parallel | 454626 | Ulti (Parallel) [printing_id=1087]
MATCHED | OP01-094 | parallel | 454627 | Kaido (094) (Parallel) [printing_id=1092]
MATCHED | OP01-095 | base | 454628 | Kyoshirou [printing_id=1093]
MATCHED | OP01-096 | base | 454629 | King (096) [printing_id=1095]
MATCHED | OP01-096 | parallel | 454630 | King (096) (Parallel) [printing_id=1098]
MATCHED | OP01-097 | base | 454631 | Queen [printing_id=1099]
MATCHED | OP01-097 | parallel | 454632 | Queen (Parallel) [printing_id=1101]
MATCHED | OP01-098 | base | 454633 | Kurozumi Orochi [printing_id=1102]
MATCHED | OP01-099 | base | 454634 | Kurozumi Semimaru [printing_id=1104]
MATCHED | OP01-100 | base | 454635 | Kurozumi Higurashi [printing_id=1106]
MATCHED | OP01-101 | base | 454636 | Sasaki [printing_id=1108]
MATCHED | OP01-102 | base | 454637 | Jack [printing_id=1112]
MATCHED | OP01-102 | parallel | 454638 | Jack (Parallel) [printing_id=1115]
MATCHED | OP01-103 | base | 454639 | Scratchmen Apoo [printing_id=1116]
MATCHED | OP01-104 | base | 454640 | Speed [printing_id=1118]
MATCHED | OP01-105 | base | 454641 | Bao Huang [printing_id=1120]
MATCHED | OP01-106 | base | 454642 | Basil Hawkins [printing_id=1122]
MATCHED | OP01-107 | base | 454643 | Babanuki [printing_id=1124]
MATCHED | OP01-109 | base | 454644 | Who's.Who [printing_id=1129]
MATCHED | OP01-110 | base | 454645 | Fukurokuju [printing_id=1133]
MATCHED | OP01-111 | base | 454646 | Black Maria [printing_id=1135]
MATCHED | OP01-112 | base | 454648 | Page One [printing_id=1137]
MATCHED | OP01-113 | base | 454651 | Holedem [printing_id=1139]
MATCHED | OP01-114 | base | 454652 | X.Drake (114) [printing_id=1141]
MATCHED | OP01-115 | base | 454659 | Elephant's Marchoo [printing_id=1144]
MATCHED | OP01-116 | base | 454660 | Artificial Devil Fruit SMILE [printing_id=1146]
MATCHED | OP01-117 | base | 454661 | Sheep's Horn [printing_id=1148]
MATCHED | OP01-118 | base | 454662 | Ulti-Mortar [printing_id=1150]
MATCHED | OP01-119 | base | 454663 | Thunder Bagua [printing_id=1152]
MATCHED | OP01-120 | base | 454664 | Shanks [printing_id=1154]
MATCHED | OP01-120 | parallel | 454665 | Shanks (Parallel) [printing_id=1159]
MATCHED | OP01-120 | manga | 454666 | Shanks (Parallel) (Manga) (Alternate Art) [printing_id=1157]
MATCHED | OP01-121 | base | 454667 | Yamato [printing_id=1165]
MATCHED | OP01-121 | parallel | 454669 | Yamato (Parallel) [printing_id=1169]
MATCHED | OP01-108 | base | 455808 | Hitokiri Kamazo [printing_id=1126]
SKIP |  |  | 456059 | DON!! Card (Manga) (Alternate Art) [reason=no_card_code]
SKIP |  |  | 456320 | DON!! Card // One Piece Film RED Promo [reason=no_card_code]
SKIP |  |  | 531774 | Romance Dawn - Sleeved Booster Pack [reason=no_card_code]
SKIP |  |  | 532645 | Box Promotion Pack [reason=no_card_code]
SKIP |  |  | 557280 | Romance Dawn - Booster Box (Wave 2 - White) [reason=no_card_code]
SKIP |  |  | 650853 | Romance Dawn - Booster Box Case (Wave 1 - Blue) [reason=no_card_code]
=== SET OP01 COMPLETE ===
Total products: 163
Cards found (had Number field): 154
Matched: 148
Unmatched: 6
Ambiguous: 0
Skipped: 9
Errors: 0
